BASE_GRAPHICS			= 4075, G: CPC_CRT0
CKCLOSED			= 411E, L: FCLOSE
CLEANUP				= 402E, G: CPC_CRT0
CLOSE				= 4131, G: CLOSE
CLOSEALL			= 40A5, G: CLOSEALL
CONT				= 4165, L: VFPRINTF_MINI
CONTSTR				= 41DD, L: VFPRINTF_MINI
COORDS				= 4077, G: CPC_CRT0
DEC_LOOP			= 41C6, L: VFPRINTF_MINI
DIVIDE0				= 4322, L: L_LONG_DIV_U
DIVLOOP				= 421D, L: VFPRINTF_MINI
DOPRINT				= 4240, L: VFPRINTF_MINI
DO_MINIPRINTN			= 41F6, L: VFPRINTF_MINI
ENTRY				= 42EA, L: L_LONG_DIV_U
EXITCOUNT			= 4074, G: CPC_CRT0
EXITSP				= 4072, G: CPC_CRT0
FABANDON			= 40E0, G: FABANDON
FCHKSTD				= 4132, G: FCHKSTD
FCLOSE				= 40F4, G: FCLOSE
FIRMWARE			= 42B0, G: FIRMWARE
FIRMWARE_AF			= 407B, G: CPC_CRT0
FIRMWARE_BC			= 4079, G: CPC_CRT0
FMTLOOP				= 415C, L: VFPRINTF_MINI
FPUTC				= 4251, G: FPUTC
FPUTC_CONS			= 429A, G: FPUTC_CONS
GETARG				= 436B, G: GETARG
GET_ARG				= 416E, L: VFPRINTF_MINI
HEAPBLOCKS			= 407F, G: CPC_CRT0
HEAPLAST			= 407D, G: CPC_CRT0
ISINT				= 41A8, L: VFPRINTF_MINI
IS_CLOSED			= 4124, L: FCLOSE
IS_UNSIGNED			= 41BE, L: VFPRINTF_MINI
I_1				= 4099, L: HELLOWORLD
I_3				= 40AC, L: CLOSEALL
I_4				= 40DE, L: CLOSEALL
I_5				= 40B2, L: CLOSEALL
I_6				= 40DB, L: CLOSEALL
I_7				= 40DB, L: CLOSEALL
LONGNUM				= 4186, L: VFPRINTF_MINI
L_DCAL				= 4044, G: CPC_CRT0
L_GINT				= 42BF, G: L_GINT
L_GLONG				= 42C4, G: L_GLONG
L_INT2LONG_S			= 42CE, G: L_INT2LONG_S
L_LONG_DIV1			= 42ED, L: L_LONG_DIV_U
L_LONG_DIV2			= 430A, L: L_LONG_DIV_U
L_LONG_DIV_U			= 42D6, G: L_LONG_DIV_U
L_LONG_NEG			= 4329, G: L_LONG_NEG
L_SXT				= 436E, G: L_SXT
L_ULT				= 414E, G: L_ULT
NOCHAR				= 4169, L: VFPRINTF_MINI
NOCR				= 42AA, L: FPUTC_CONS
NOINT				= 41CA, L: VFPRINTF_MINI
NOL				= 4198, L: VFPRINTF_MINI
NOLD				= 417E, L: VFPRINTF_MINI
NONEG				= 421A, L: VFPRINTF_MINI
NOSTRING			= 41E2, L: VFPRINTF_MINI
NO_CONS				= 428C, L: FPUTC
NO_STRING			= 427D, L: FPUTC
PRINTF				= 433B, G: PRINTF
PRINTLOOP			= 4235, L: VFPRINTF_MINI
PRINTN2				= 41FF, L: VFPRINTF_MINI
PRINTN3				= 4206, L: VFPRINTF_MINI
PRINTSTR			= 41D4, L: VFPRINTF_MINI
START				= 4000, L: CPC_CRT0
START1				= 403F, L: CPC_CRT0
VFPRINTF_CALLEE			= 4154, L: VFPRINTF_MINI
VFPRINTF_MINI			= 4154, G: VFPRINTF_MINI
WRITEBYTE			= 42BE, G: WRITEBYTE
_MAIN				= 408E, G: HELLOWORLD
_MINIPRINTN			= 41FF, L: VFPRINTF_MINI
_PUT_CHAR			= 41ED, L: VFPRINTF_MINI
_STD_SEED			= 4070, G: CPC_CRT0
_VFPRINTF			= 406D, G: CPC_CRT0
__SGOIOBLK			= 4045, G: CPC_CRT0


START				= 4000, L: CPC_CRT0
CLEANUP				= 402E, G: CPC_CRT0
START1				= 403F, L: CPC_CRT0
L_DCAL				= 4044, G: CPC_CRT0
__SGOIOBLK			= 4045, G: CPC_CRT0
_VFPRINTF			= 406D, G: CPC_CRT0
_STD_SEED			= 4070, G: CPC_CRT0
EXITSP				= 4072, G: CPC_CRT0
EXITCOUNT			= 4074, G: CPC_CRT0
BASE_GRAPHICS			= 4075, G: CPC_CRT0
COORDS				= 4077, G: CPC_CRT0
FIRMWARE_BC			= 4079, G: CPC_CRT0
FIRMWARE_AF			= 407B, G: CPC_CRT0
HEAPLAST			= 407D, G: CPC_CRT0
HEAPBLOCKS			= 407F, G: CPC_CRT0
_MAIN				= 408E, G: HELLOWORLD
I_1				= 4099, L: HELLOWORLD
CLOSEALL			= 40A5, G: CLOSEALL
I_3				= 40AC, L: CLOSEALL
I_5				= 40B2, L: CLOSEALL
I_6				= 40DB, L: CLOSEALL
I_7				= 40DB, L: CLOSEALL
I_4				= 40DE, L: CLOSEALL
FABANDON			= 40E0, G: FABANDON
FCLOSE				= 40F4, G: FCLOSE
CKCLOSED			= 411E, L: FCLOSE
IS_CLOSED			= 4124, L: FCLOSE
CLOSE				= 4131, G: CLOSE
FCHKSTD				= 4132, G: FCHKSTD
L_ULT				= 414E, G: L_ULT
VFPRINTF_MINI			= 4154, G: VFPRINTF_MINI
VFPRINTF_CALLEE			= 4154, L: VFPRINTF_MINI
FMTLOOP				= 415C, L: VFPRINTF_MINI
CONT				= 4165, L: VFPRINTF_MINI
NOCHAR				= 4169, L: VFPRINTF_MINI
GET_ARG				= 416E, L: VFPRINTF_MINI
NOLD				= 417E, L: VFPRINTF_MINI
LONGNUM				= 4186, L: VFPRINTF_MINI
NOL				= 4198, L: VFPRINTF_MINI
ISINT				= 41A8, L: VFPRINTF_MINI
IS_UNSIGNED			= 41BE, L: VFPRINTF_MINI
DEC_LOOP			= 41C6, L: VFPRINTF_MINI
NOINT				= 41CA, L: VFPRINTF_MINI
PRINTSTR			= 41D4, L: VFPRINTF_MINI
CONTSTR				= 41DD, L: VFPRINTF_MINI
NOSTRING			= 41E2, L: VFPRINTF_MINI
_PUT_CHAR			= 41ED, L: VFPRINTF_MINI
DO_MINIPRINTN			= 41F6, L: VFPRINTF_MINI
PRINTN2				= 41FF, L: VFPRINTF_MINI
_MINIPRINTN			= 41FF, L: VFPRINTF_MINI
PRINTN3				= 4206, L: VFPRINTF_MINI
NONEG				= 421A, L: VFPRINTF_MINI
DIVLOOP				= 421D, L: VFPRINTF_MINI
PRINTLOOP			= 4235, L: VFPRINTF_MINI
DOPRINT				= 4240, L: VFPRINTF_MINI
FPUTC				= 4251, G: FPUTC
NO_STRING			= 427D, L: FPUTC
NO_CONS				= 428C, L: FPUTC
FPUTC_CONS			= 429A, G: FPUTC_CONS
NOCR				= 42AA, L: FPUTC_CONS
FIRMWARE			= 42B0, G: FIRMWARE
WRITEBYTE			= 42BE, G: WRITEBYTE
L_GINT				= 42BF, G: L_GINT
L_GLONG				= 42C4, G: L_GLONG
L_INT2LONG_S			= 42CE, G: L_INT2LONG_S
L_LONG_DIV_U			= 42D6, G: L_LONG_DIV_U
ENTRY				= 42EA, L: L_LONG_DIV_U
L_LONG_DIV1			= 42ED, L: L_LONG_DIV_U
L_LONG_DIV2			= 430A, L: L_LONG_DIV_U
DIVIDE0				= 4322, L: L_LONG_DIV_U
L_LONG_NEG			= 4329, G: L_LONG_NEG
PRINTF				= 433B, G: PRINTF
GETARG				= 436B, G: GETARG
L_SXT				= 436E, G: L_SXT
