BASE_GRAPHICS			= 4024, G: CPC_CRT0
BTE				= 420C, L: CPC_REDEFINEKEY
BUCLE_BD_TECLAS			= 41E4, L: CPC_REDEFINEKEY
BUCLE_DETECCION_TECLA		= 41BE, L: CPC_REDEFINEKEY
BUCLE_DETECCION_TECLA		= 414D, L: CPC_ANYKEYPRESSED
BUCLE_IMP_CADENA		= 4189, L: CPC_PRINTSTR
CLEANUP				= 400F, G: CPC_CRT0
COMPROBAR_LINEA			= 41F8, L: CPC_REDEFINEKEY
COMPROBAR_SI_TECLA_USADA	= 41DB, L: CPC_REDEFINEKEY
CPC_ANYKEYPRESSED		= 414B, G: CPC_ANYKEYPRESSED
CPC_KEYSDATA			= 420D, G: CPC_KEYSDATA
CPC_PRINTSTR			= 4189, G: CPC_PRINTSTR
CPC_REDEFINEKEY			= 419E, G: CPC_REDEFINEKEY
CPC_SETBORDER			= 4232, G: CPC_SETBORDER
CPC_TESTKEY			= 4237, G: CPC_TESTKEY
CPC_TESTKEYBOARD		= 4165, G: CPC_TESTKEYBOARD
EJECUTAR_DETECCION_TECLADO	= 41BC, L: CPC_REDEFINEKEY
EXITCOUNT			= 401F, G: CPC_CRT0
EXITSP				= 401D, G: CPC_CRT0
HEAPBLOCKS			= 4022, G: CPC_CRT0
HEAPLAST			= 4020, G: CPC_CRT0
I_1				= 40A4, L: CODE
I_10				= 40A0, L: CODE
I_3				= 403D, L: CODE
I_4				= 4046, L: CODE
I_5				= 4052, L: CODE
I_6				= 405B, L: CODE
I_7				= 407E, L: CODE
I_8				= 40A3, L: CODE
I_9				= 408F, L: CODE
KEYMAP0				= 420D, L: CPC_KEYSDATA
LINEA				= 420B, L: CPC_REDEFINEKEY
LLLL				= 406F, L: CODE
L_DCAL				= 4014, G: CPC_CRT0
L_LNEG				= 4251, G: L_LNEG
PULSADO				= 424E, L: CPC_TESTKEY
SALIR_BUCLE_IMP_CADENA		= 4194, L: CPC_PRINTSTR
START				= 4000, L: CPC_CRT0
START1				= 400F, L: CPC_CRT0
TABLA_TECLAS0			= 4219, L: CPC_KEYSDATA
TECLA_0				= 4217, L: CPC_KEYSDATA
TECLA_00_X			= 4221, L: CPC_KEYSDATA
TECLA_01_X			= 4223, L: CPC_KEYSDATA
TECLA_02_X			= 4225, L: CPC_KEYSDATA
TECLA_03_X			= 4227, L: CPC_KEYSDATA
TECLA_04_X			= 4229, L: CPC_KEYSDATA
TECLA_05_X			= 422B, L: CPC_KEYSDATA
TECLA_06_X			= 422D, L: CPC_KEYSDATA
TECLA_07_X			= 422F, L: CPC_KEYSDATA
TECLA_0_X			= 4219, L: CPC_KEYSDATA
TECLA_1_X			= 421B, L: CPC_KEYSDATA
TECLA_2_X			= 421D, L: CPC_KEYSDATA
TECLA_3_X			= 421F, L: CPC_KEYSDATA
TECLA_DETECTADA			= 4209, L: CPC_REDEFINEKEY
TECLA_PULSADA			= 41D1, L: CPC_REDEFINEKEY
TECLA_PULSADA			= 4160, L: CPC_ANYKEYPRESSED
_KKK				= 406D, L: CODE
_MAIN				= 4025, G: CODE
_STD_SEED			= 401B, G: CPC_CRT0
_VFPRINTF			= 401B, G: CPC_CRT0
__SGOIOBLK			= 4015, G: CPC_CRT0


START				= 4000, L: CPC_CRT0
START1				= 400F, L: CPC_CRT0
CLEANUP				= 400F, G: CPC_CRT0
L_DCAL				= 4014, G: CPC_CRT0
__SGOIOBLK			= 4015, G: CPC_CRT0
_STD_SEED			= 401B, G: CPC_CRT0
_VFPRINTF			= 401B, G: CPC_CRT0
EXITSP				= 401D, G: CPC_CRT0
EXITCOUNT			= 401F, G: CPC_CRT0
HEAPLAST			= 4020, G: CPC_CRT0
HEAPBLOCKS			= 4022, G: CPC_CRT0
BASE_GRAPHICS			= 4024, G: CPC_CRT0
_MAIN				= 4025, G: CODE
I_3				= 403D, L: CODE
I_4				= 4046, L: CODE
I_5				= 4052, L: CODE
I_6				= 405B, L: CODE
_KKK				= 406D, L: CODE
LLLL				= 406F, L: CODE
I_7				= 407E, L: CODE
I_9				= 408F, L: CODE
I_10				= 40A0, L: CODE
I_8				= 40A3, L: CODE
I_1				= 40A4, L: CODE
CPC_ANYKEYPRESSED		= 414B, G: CPC_ANYKEYPRESSED
BUCLE_DETECCION_TECLA		= 414D, L: CPC_ANYKEYPRESSED
TECLA_PULSADA			= 4160, L: CPC_ANYKEYPRESSED
CPC_TESTKEYBOARD		= 4165, G: CPC_TESTKEYBOARD
CPC_PRINTSTR			= 4189, G: CPC_PRINTSTR
BUCLE_IMP_CADENA		= 4189, L: CPC_PRINTSTR
SALIR_BUCLE_IMP_CADENA		= 4194, L: CPC_PRINTSTR
CPC_REDEFINEKEY			= 419E, G: CPC_REDEFINEKEY
EJECUTAR_DETECCION_TECLADO	= 41BC, L: CPC_REDEFINEKEY
BUCLE_DETECCION_TECLA		= 41BE, L: CPC_REDEFINEKEY
TECLA_PULSADA			= 41D1, L: CPC_REDEFINEKEY
COMPROBAR_SI_TECLA_USADA	= 41DB, L: CPC_REDEFINEKEY
BUCLE_BD_TECLAS			= 41E4, L: CPC_REDEFINEKEY
COMPROBAR_LINEA			= 41F8, L: CPC_REDEFINEKEY
TECLA_DETECTADA			= 4209, L: CPC_REDEFINEKEY
LINEA				= 420B, L: CPC_REDEFINEKEY
BTE				= 420C, L: CPC_REDEFINEKEY
KEYMAP0				= 420D, L: CPC_KEYSDATA
CPC_KEYSDATA			= 420D, G: CPC_KEYSDATA
TECLA_0				= 4217, L: CPC_KEYSDATA
TABLA_TECLAS0			= 4219, L: CPC_KEYSDATA
TECLA_0_X			= 4219, L: CPC_KEYSDATA
TECLA_1_X			= 421B, L: CPC_KEYSDATA
TECLA_2_X			= 421D, L: CPC_KEYSDATA
TECLA_3_X			= 421F, L: CPC_KEYSDATA
TECLA_00_X			= 4221, L: CPC_KEYSDATA
TECLA_01_X			= 4223, L: CPC_KEYSDATA
TECLA_02_X			= 4225, L: CPC_KEYSDATA
TECLA_03_X			= 4227, L: CPC_KEYSDATA
TECLA_04_X			= 4229, L: CPC_KEYSDATA
TECLA_05_X			= 422B, L: CPC_KEYSDATA
TECLA_06_X			= 422D, L: CPC_KEYSDATA
TECLA_07_X			= 422F, L: CPC_KEYSDATA
CPC_SETBORDER			= 4232, G: CPC_SETBORDER
CPC_TESTKEY			= 4237, G: CPC_TESTKEY
PULSADO				= 424E, L: CPC_TESTKEY
L_LNEG				= 4251, G: L_LNEG
