ADD_ELEMENTO			= 4B2E, L: CPC_PRINTGPHSTR0
ANCHO0				= 502A, L: CPC_SHOWTOUCHEDTILES
ANCHO_2				= 4DFD, L: CPC_PUTMASKSPRITETILEMAP2B
ANCHO_MOSTRABLE			= 4FDD, L: CPC_SHOWTILEMAP
ANCHO_SPRITE			= 4E01, L: CPC_PUTMASKSPRITETILEMAP2B
BACKUP				= 4A5A, G: CPC_DISABLEFIRMWARE
BASE_GRAPHICS			= 4024, G: CPC_CRT0
BIT_ALTO			= 4E56, L: CPC_PUTSPTILEMAP
BIT_ANCHO			= 4E6D, L: CPC_PUTSPTILEMAP
BLOQUES				= 4AD2, L: CPC_GETSCRADDRESS0
BUCLE_ALTO			= 4EC0, L: CPC_PUTTILES
BUCLE_ALTO			= 4BDA, L: CPC_PRINTGPHSTR0
BUCLE_ALTO			= 4A71, L: CPC_GETTILES
BUCLE_ANCHO			= 4EC3, L: CPC_PUTTILES
BUCLE_ANCHO			= 4A74, L: CPC_GETTILES
BUCLE_COLA_IMPRESION		= 4B1B, L: CPC_PRINTGPHSTR0
BUCLE_COLORES			= 4BEF, L: CPC_PRINTGPHSTR0
BUCLE_CPC_SHOWTOUCHEDTILES	= 4FF8, L: CPC_SHOWTOUCHEDTILES
BUCLE_CPC_UPDSCR		= 515B, L: CPC_UPDSCR
BUCLE_DIBUJADO_FONDO		= 4F81, L: CPC_SHOWTILEMAP
BUCLE_PASOS_ALTO		= 4E7B, L: CPC_PUTSPTILEMAP
BUCLE_PASOS_ANCHO		= 4E78, L: CPC_PUTSPTILEMAP
BUCLE_RECORRIDO_TILES_TOCADOS	= 4E8D, L: CPC_UPDTILETABLE
BUCLE_RESTAURACION_FONDO	= 4E56, L: CPC_PUTSPTILEMAP
BUCLE_RESTA_Y			= 50C2, L: CPC_SPUPDY
BUCLE_SUMA_Y			= 50A3, L: CPC_SPUPDY
BUCLE_TEXTO0			= 4B84, L: CPC_PRINTGPHSTR0
BYTE_TMP			= 4C6C, L: CPC_PRINTGPHSTR0
C0				= 4C27, L: CPC_PRINTGPHSTR0
C1				= 4C66, L: CPC_PRINTGPHSTR0
C1				= 4A2B, L: CPC_COLLSP
C2				= 4C61, L: CPC_PRINTGPHSTR0
C2				= 4A40, L: CPC_COLLSP
C3				= 4C5C, L: CPC_PRINTGPHSTR0
CAPTURA				= 4EE0, G: CPC_PUTTILES
CLEANUP				= 400F, G: CPC_CRT0
COLA_IMPRESION			= 4B78, L: CPC_PRINTGPHSTR0
COLORES_B0			= 4C6F, L: CPC_PRINTGPHSTR0
COMPROBAR			= 4A30, L: CPC_COLLSP
COMPROBAR_SEGUNDO_BYTE		= 4E9C, L: CPC_UPDTILETABLE
CONTADOR_TILES			= 4FBB, L: CPC_SHOWTILEMAP
CONT_COLOR			= 4C28, L: CPC_PRINTGPHSTR0
CONT_NORMAL			= 4F63, L: CPC_SHOWTILEMAP
CONT_PROCESO			= 4E77, L: CPC_PUTSPTILEMAP
CONT_PROCESO2			= 4E69, L: CPC_PUTSPTILEMAP
CPC_CHARS			= 4C84, G: CPC_CHARS
CPC_COLLSP			= 49C9, G: CPC_COLLSP
CPC_DISABLEFIRMWARE		= 4A49, G: CPC_DISABLEFIRMWARE
CPC_GETSCRADDRESS0		= 4AA2, G: CPC_GETSCRADDRESS0
CPC_GETTILES			= 4A5C, G: CPC_GETTILES
CPC_KEYSDATA			= 510E, G: CPC_KEYSDATA
CPC_PRINTGPHSTR0		= 4B0C, G: CPC_PRINTGPHSTR0
CPC_PRINTGPHSTRXY		= 4A8A, G: CPC_PRINTGPHSTRXY
CPC_PUTMASKSPRITETILEMAP2B	= 4DDC, G: CPC_PUTMASKSPRITETILEMAP2B
CPC_PUTSP			= 4FD0, L: CPC_SHOWTILEMAP
CPC_PUTSP0			= 4BB6, L: CPC_PRINTGPHSTR0
CPC_PUTSPTILEMAP		= 4E19, G: CPC_PUTSPTILEMAP
CPC_PUTTILES			= 4EAB, G: CPC_PUTTILES
CPC_RESETTOUCHEDTILES		= 4EFA, G: CPC_RESETTOUCHEDTILES
CPC_SETBORDER			= 4F00, G: CPC_SETBORDER
CPC_SETCOLOUR			= 4F05, G: CPC_SETCOLOUR
CPC_SETINK			= 4F18, G: CPC_SETINK
CPC_SETMODO			= 4F25, G: CPC_SETMODO
CPC_SETTILE			= 4F2A, G: CPC_SETTILE
CPC_SHOWTILEMAP			= 4F50, G: CPC_SHOWTILEMAP
CPC_SHOWTOUCHEDTILES		= 4FF4, G: CPC_SHOWTOUCHEDTILES
CPC_SPUPDX			= 5046, G: CPC_SPUPDX
CPC_SPUPDY			= 5075, G: CPC_SPUPDY
CPC_SUPERBUFFERADDRESS		= 50CF, G: CPC_SUPERBUFFERADDRESS
CPC_TESTKEY			= 50F4, G: CPC_TESTKEY
CPC_TESTKEYBOARD		= 5133, G: CPC_TESTKEYBOARD
CPC_UPDSCR			= 5157, G: CPC_UPDSCR
CPC_UPDTILETABLE		= 4E8A, G: CPC_UPDTILETABLE
DATO				= 4C6B, L: CPC_PRINTGPHSTR0
DIRECC_DESTINO			= 4BB4, L: CPC_PRINTGPHSTR0
ELEMENTOS_COLA			= 4B74, L: CPC_PRINTGPHSTR0
ENTRAR_COLA_IMPRESION		= 4B2D, L: CPC_PRINTGPHSTR0
ESCRIBE_LETRA			= 4BD4, L: CPC_PRINTGPHSTR0
EXITCOUNT			= 401F, G: CPC_CRT0
EXITSP				= 401D, G: CPC_CRT0
FIRST_CHAR			= 4C83, G: CPC_CHARS
HEAPBLOCKS			= 4022, G: CPC_CRT0
HEAPLAST			= 4020, G: CPC_CRT0
IMPRIMIENDO			= 4BB3, L: CPC_PRINTGPHSTR0
INCORPORAR_TILE			= 4EA4, L: CPC_UPDTILETABLE
INCREMENTO2			= 4FAE, L: CPC_SHOWTILEMAP
INC_ANCHO			= 4ACE, L: CPC_GETSCRADDRESS0
I_1				= 4987, L: CODE
I_10				= 4442, L: CODE
I_11				= 43F5, L: CODE
I_12				= 440E, L: CODE
I_13				= 443F, L: CODE
I_14				= 4417, L: CODE
I_15				= 4454, L: CODE
I_16				= 4485, L: CODE
I_17				= 445D, L: CODE
I_18				= 465C, L: CODE
I_19				= 481F, L: CODE
I_20				= 4685, L: CODE
I_21				= 4674, L: CODE
I_22_I_21			= 4677, L: CODE
I_23				= 46B1, L: CODE
I_24				= 46A0, L: CODE
I_25_I_24			= 46A3, L: CODE
I_26				= 46DD, L: CODE
I_27				= 46CC, L: CODE
I_28_I_27			= 46CF, L: CODE
I_29				= 4706, L: CODE
I_3				= 433B, L: CODE
I_30				= 46F5, L: CODE
I_31_I_30			= 46F8, L: CODE
I_32				= 4732, L: CODE
I_33				= 4729, L: CODE
I_34				= 4732, L: CODE
I_35				= 4763, L: CODE
I_36				= 475A, L: CODE
I_37				= 4763, L: CODE
I_38				= 4790, L: CODE
I_39				= 4787, L: CODE
I_4				= 4370, L: CODE
I_40				= 4790, L: CODE
I_41				= 47C1, L: CODE
I_42				= 47B8, L: CODE
I_43				= 47C1, L: CODE
I_44				= 4808, L: CODE
I_45				= 481C, L: CODE
I_5				= 4344, L: CODE
I_6				= 43AF, L: CODE
I_7				= 43E0, L: CODE
I_8				= 43B8, L: CODE
I_9				= 43EC, L: CODE
KEYMAP0				= 510E, L: CPC_KEYSDATA
LEER_ELEMENTO			= 4B51, L: CPC_PRINTGPHSTR0
LETRA_DECODIFICADA		= 4C73, L: CPC_PRINTGPHSTR0
LOOP_ALTO_2			= 502A, L: CPC_SHOWTOUCHEDTILES
LOOP_ALTO_2			= 4FD3, L: CPC_SHOWTILEMAP
LOOP_ALTO_2			= 4BBC, L: CPC_PRINTGPHSTR0
LOOP_ALTO_MAP_SBUFFER		= 4FC2, L: CPC_SHOWTILEMAP
LOOP_ALTO_MAP_SBUFFER		= 4E01, L: CPC_PUTMASKSPRITETILEMAP2B
LOOP_ANCHO_2			= 502B, L: CPC_SHOWTOUCHEDTILES
LOOP_ANCHO_2			= 4FD6, L: CPC_SHOWTILEMAP
LOOP_ANCHO_2			= 4BBC, L: CPC_PRINTGPHSTR0
LOOP_ANCHO_MAP_SBUFFER		= 4FC2, L: CPC_SHOWTILEMAP
LOOP_ANCHO_MAP_SBUFFER		= 4E05, L: CPC_PUTMASKSPRITETILEMAP2B
LOP2				= 4E76, L: CPC_PUTSPTILEMAP
L_DCAL				= 4014, G: CPC_CRT0
L_PINT				= 51E8, G: L_PINT
L_PINT_POP			= 51EE, G: L_PINT_POP
MULT				= 5185, L: CPC_UPDSCR
MULT				= 50DF, L: CPC_SUPERBUFFERADDRESS
MULT				= 4F3D, L: CPC_SETTILE
MULT				= 4EEA, L: CPC_PUTTILES
NEGATIVE			= 50AF, L: CPC_SPUPDY
NEGATIVE1			= 5060, L: CPC_SPUPDX
NOADD				= 5189, L: CPC_UPDSCR
NOADD				= 50E3, L: CPC_SUPERBUFFERADDRESS
NOADD				= 4F41, L: CPC_SETTILE
NOADD				= 4EEE, L: CPC_PUTTILES
NO_COLISION			= 4A13, L: CPC_COLLSP
OP_COLORES			= 4C10, L: CPC_PRINTGPHSTR0
OTRO_ANCHO			= 4F73, L: CPC_SHOWTILEMAP
PANTALLA_ACTUAL			= 4065, L: TILEMAPCONF
PANTALLA_JUEGO			= 4067, G: TILEMAPCONF
PASA_BLOQUE_A_SBUFFER		= 4DE7, L: CPC_PUTMASKSPRITETILEMAP2B
PASOS_ALTO_X			= 4E79, L: CPC_PUTSPTILEMAP
PASOS_ANCHO_X			= 4E77, L: CPC_PUTSPTILEMAP
PAUSE_LOOP			= 437A, L: CODE
POSICIONAR_PANTALLA		= 5018, L: CPC_SHOWTOUCHEDTILES
POSICIONAR_SUPERBUFFER		= 5169, L: CPC_UPDSCR
POSICIONAR_SUPERBUFFER		= 5006, L: CPC_SHOWTOUCHEDTILES
POSICIONAR_TILE			= 517C, L: CPC_UPDSCR
POSICIONES_PANTALLA		= 4025, G: TILEMAPCONF
POSICIONES_SUPER_BUFFER		= 4045, G: TILEMAPCONF
POS_COLA			= 4B76, L: CPC_PRINTGPHSTR0
PULSADO				= 510B, L: CPC_TESTKEY
ROTANDO				= 4C30, L: CPC_PRINTGPHSTR0
SALTO_LINEA			= 4BC5, L: CPC_PRINTGPHSTR0
SIG_LINEA_2			= 4FF0, L: CPC_SHOWTILEMAP
SPR1X				= 4A45, L: CPC_COLLSP
SPR1Y				= 4A46, L: CPC_COLLSP
SPR2X				= 4A47, L: CPC_COLLSP
SPR2Y				= 4A48, L: CPC_COLLSP
SP_BUFFER_MASK			= 4DFB, L: CPC_PUTMASKSPRITETILEMAP2B
START				= 4000, L: CPC_CRT0
START1				= 400F, L: CPC_CRT0
SUB_BLOQUES			= 4B04, L: CPC_GETSCRADDRESS0
TABLA_TECLAS0			= 511A, L: CPC_KEYSDATA
TECLA_0				= 5118, L: CPC_KEYSDATA
TECLA_00_X			= 5122, L: CPC_KEYSDATA
TECLA_01_X			= 5124, L: CPC_KEYSDATA
TECLA_02_X			= 5126, L: CPC_KEYSDATA
TECLA_03_X			= 5128, L: CPC_KEYSDATA
TECLA_04_X			= 512A, L: CPC_KEYSDATA
TECLA_05_X			= 512C, L: CPC_KEYSDATA
TECLA_06_X			= 512E, L: CPC_KEYSDATA
TECLA_07_X			= 5130, L: CPC_KEYSDATA
TECLA_0_X			= 511A, L: CPC_KEYSDATA
TECLA_1_X			= 511C, L: CPC_KEYSDATA
TECLA_2_X			= 511E, L: CPC_KEYSDATA
TECLA_3_X			= 5120, L: CPC_KEYSDATA
TERMINAR_IMPRESION		= 4B28, L: CPC_PRINTGPHSTR0
TILEMAPCONF			= 4025, G: TILEMAPCONF
TILES				= 42FE, G: TILEMAPCONF
TILES_TOCADOS			= 4268, G: TILEMAPCONF
TMP				= 4EDF, L: CPC_PUTTILES
TOCADO				= 4A16, L: CPC_COLLSP
TRANSFERIR_MAP_SBUFFER		= 519F, L: CPC_UPDSCR
TRANSFERIR_MAP_SBUFFER		= 4FBC, L: CPC_SHOWTILEMAP
TRANSFERIR_PANTALLA_A_SUPERBUFFER	= 4F7A, L: CPC_SHOWTILEMAP
TRANSFERIR_SPRITE		= 4DE7, L: CPC_PUTMASKSPRITETILEMAP2B
TRANSF_BLOQUE_SB_PANTALLA	= 5027, L: CPC_SHOWTOUCHEDTILES
YEP				= 5043, L: CPC_SHOWTOUCHEDTILES
_BUFFER				= 4825, G: CODE
_BYTE0_0			= 4C4C, L: CPC_PRINTGPHSTR0
_COLLIDE			= 437E, G: CODE
_DRAW_TILEMAP			= 439C, G: CODE
_MAIN				= 44D0, G: CODE
_PAUSE				= 4378, G: CODE
_PRINT_CREDITS			= 4487, G: CODE
_SET_COLOURS			= 432E, G: CODE
_SIN_ROTAR			= 4C30, L: CPC_PRINTGPHSTR0
_SIN_ROTAR00			= 4C44, L: CPC_PRINTGPHSTR0
_SIN_ROTAR01			= 4C54, L: CPC_PRINTGPHSTR0
_SP_1				= 4843, G: CODE
_SP_2				= 48C5, G: CODE
_STD_SEED			= 401B, G: CPC_CRT0
_TINTAS				= 4977, G: CODE
_VFPRINTF			= 401B, G: CPC_CRT0
__SGOIOBLK			= 4015, G: CPC_CRT0


START				= 4000, L: CPC_CRT0
START1				= 400F, L: CPC_CRT0
CLEANUP				= 400F, G: CPC_CRT0
L_DCAL				= 4014, G: CPC_CRT0
__SGOIOBLK			= 4015, G: CPC_CRT0
_VFPRINTF			= 401B, G: CPC_CRT0
_STD_SEED			= 401B, G: CPC_CRT0
EXITSP				= 401D, G: CPC_CRT0
EXITCOUNT			= 401F, G: CPC_CRT0
HEAPLAST			= 4020, G: CPC_CRT0
HEAPBLOCKS			= 4022, G: CPC_CRT0
BASE_GRAPHICS			= 4024, G: CPC_CRT0
TILEMAPCONF			= 4025, G: TILEMAPCONF
POSICIONES_PANTALLA		= 4025, G: TILEMAPCONF
POSICIONES_SUPER_BUFFER		= 4045, G: TILEMAPCONF
PANTALLA_ACTUAL			= 4065, L: TILEMAPCONF
PANTALLA_JUEGO			= 4067, G: TILEMAPCONF
TILES_TOCADOS			= 4268, G: TILEMAPCONF
TILES				= 42FE, G: TILEMAPCONF
_SET_COLOURS			= 432E, G: CODE
I_3				= 433B, L: CODE
I_5				= 4344, L: CODE
I_4				= 4370, L: CODE
_PAUSE				= 4378, G: CODE
PAUSE_LOOP			= 437A, L: CODE
_COLLIDE			= 437E, G: CODE
_DRAW_TILEMAP			= 439C, G: CODE
I_6				= 43AF, L: CODE
I_8				= 43B8, L: CODE
I_7				= 43E0, L: CODE
I_9				= 43EC, L: CODE
I_11				= 43F5, L: CODE
I_12				= 440E, L: CODE
I_14				= 4417, L: CODE
I_13				= 443F, L: CODE
I_10				= 4442, L: CODE
I_15				= 4454, L: CODE
I_17				= 445D, L: CODE
I_16				= 4485, L: CODE
_PRINT_CREDITS			= 4487, G: CODE
_MAIN				= 44D0, G: CODE
I_18				= 465C, L: CODE
I_21				= 4674, L: CODE
I_22_I_21			= 4677, L: CODE
I_20				= 4685, L: CODE
I_24				= 46A0, L: CODE
I_25_I_24			= 46A3, L: CODE
I_23				= 46B1, L: CODE
I_27				= 46CC, L: CODE
I_28_I_27			= 46CF, L: CODE
I_26				= 46DD, L: CODE
I_30				= 46F5, L: CODE
I_31_I_30			= 46F8, L: CODE
I_29				= 4706, L: CODE
I_33				= 4729, L: CODE
I_34				= 4732, L: CODE
I_32				= 4732, L: CODE
I_36				= 475A, L: CODE
I_37				= 4763, L: CODE
I_35				= 4763, L: CODE
I_39				= 4787, L: CODE
I_38				= 4790, L: CODE
I_40				= 4790, L: CODE
I_42				= 47B8, L: CODE
I_41				= 47C1, L: CODE
I_43				= 47C1, L: CODE
I_44				= 4808, L: CODE
I_45				= 481C, L: CODE
I_19				= 481F, L: CODE
_BUFFER				= 4825, G: CODE
_SP_1				= 4843, G: CODE
_SP_2				= 48C5, G: CODE
_TINTAS				= 4977, G: CODE
I_1				= 4987, L: CODE
CPC_COLLSP			= 49C9, G: CPC_COLLSP
NO_COLISION			= 4A13, L: CPC_COLLSP
TOCADO				= 4A16, L: CPC_COLLSP
C1				= 4A2B, L: CPC_COLLSP
COMPROBAR			= 4A30, L: CPC_COLLSP
C2				= 4A40, L: CPC_COLLSP
SPR1X				= 4A45, L: CPC_COLLSP
SPR1Y				= 4A46, L: CPC_COLLSP
SPR2X				= 4A47, L: CPC_COLLSP
SPR2Y				= 4A48, L: CPC_COLLSP
CPC_DISABLEFIRMWARE		= 4A49, G: CPC_DISABLEFIRMWARE
BACKUP				= 4A5A, G: CPC_DISABLEFIRMWARE
CPC_GETTILES			= 4A5C, G: CPC_GETTILES
BUCLE_ALTO			= 4A71, L: CPC_GETTILES
BUCLE_ANCHO			= 4A74, L: CPC_GETTILES
CPC_PRINTGPHSTRXY		= 4A8A, G: CPC_PRINTGPHSTRXY
CPC_GETSCRADDRESS0		= 4AA2, G: CPC_GETSCRADDRESS0
INC_ANCHO			= 4ACE, L: CPC_GETSCRADDRESS0
BLOQUES				= 4AD2, L: CPC_GETSCRADDRESS0
SUB_BLOQUES			= 4B04, L: CPC_GETSCRADDRESS0
CPC_PRINTGPHSTR0		= 4B0C, G: CPC_PRINTGPHSTR0
BUCLE_COLA_IMPRESION		= 4B1B, L: CPC_PRINTGPHSTR0
TERMINAR_IMPRESION		= 4B28, L: CPC_PRINTGPHSTR0
ENTRAR_COLA_IMPRESION		= 4B2D, L: CPC_PRINTGPHSTR0
ADD_ELEMENTO			= 4B2E, L: CPC_PRINTGPHSTR0
LEER_ELEMENTO			= 4B51, L: CPC_PRINTGPHSTR0
ELEMENTOS_COLA			= 4B74, L: CPC_PRINTGPHSTR0
POS_COLA			= 4B76, L: CPC_PRINTGPHSTR0
COLA_IMPRESION			= 4B78, L: CPC_PRINTGPHSTR0
BUCLE_TEXTO0			= 4B84, L: CPC_PRINTGPHSTR0
IMPRIMIENDO			= 4BB3, L: CPC_PRINTGPHSTR0
DIRECC_DESTINO			= 4BB4, L: CPC_PRINTGPHSTR0
CPC_PUTSP0			= 4BB6, L: CPC_PRINTGPHSTR0
LOOP_ANCHO_2			= 4BBC, L: CPC_PRINTGPHSTR0
LOOP_ALTO_2			= 4BBC, L: CPC_PRINTGPHSTR0
SALTO_LINEA			= 4BC5, L: CPC_PRINTGPHSTR0
ESCRIBE_LETRA			= 4BD4, L: CPC_PRINTGPHSTR0
BUCLE_ALTO			= 4BDA, L: CPC_PRINTGPHSTR0
BUCLE_COLORES			= 4BEF, L: CPC_PRINTGPHSTR0
OP_COLORES			= 4C10, L: CPC_PRINTGPHSTR0
C0				= 4C27, L: CPC_PRINTGPHSTR0
CONT_COLOR			= 4C28, L: CPC_PRINTGPHSTR0
_SIN_ROTAR			= 4C30, L: CPC_PRINTGPHSTR0
ROTANDO				= 4C30, L: CPC_PRINTGPHSTR0
_SIN_ROTAR00			= 4C44, L: CPC_PRINTGPHSTR0
_BYTE0_0			= 4C4C, L: CPC_PRINTGPHSTR0
_SIN_ROTAR01			= 4C54, L: CPC_PRINTGPHSTR0
C3				= 4C5C, L: CPC_PRINTGPHSTR0
C2				= 4C61, L: CPC_PRINTGPHSTR0
C1				= 4C66, L: CPC_PRINTGPHSTR0
DATO				= 4C6B, L: CPC_PRINTGPHSTR0
BYTE_TMP			= 4C6C, L: CPC_PRINTGPHSTR0
COLORES_B0			= 4C6F, L: CPC_PRINTGPHSTR0
LETRA_DECODIFICADA		= 4C73, L: CPC_PRINTGPHSTR0
FIRST_CHAR			= 4C83, G: CPC_CHARS
CPC_CHARS			= 4C84, G: CPC_CHARS
CPC_PUTMASKSPRITETILEMAP2B	= 4DDC, G: CPC_PUTMASKSPRITETILEMAP2B
TRANSFERIR_SPRITE		= 4DE7, L: CPC_PUTMASKSPRITETILEMAP2B
PASA_BLOQUE_A_SBUFFER		= 4DE7, L: CPC_PUTMASKSPRITETILEMAP2B
SP_BUFFER_MASK			= 4DFB, L: CPC_PUTMASKSPRITETILEMAP2B
ANCHO_2				= 4DFD, L: CPC_PUTMASKSPRITETILEMAP2B
LOOP_ALTO_MAP_SBUFFER		= 4E01, L: CPC_PUTMASKSPRITETILEMAP2B
ANCHO_SPRITE			= 4E01, L: CPC_PUTMASKSPRITETILEMAP2B
LOOP_ANCHO_MAP_SBUFFER		= 4E05, L: CPC_PUTMASKSPRITETILEMAP2B
CPC_PUTSPTILEMAP		= 4E19, G: CPC_PUTSPTILEMAP
BUCLE_RESTAURACION_FONDO	= 4E56, L: CPC_PUTSPTILEMAP
BIT_ALTO			= 4E56, L: CPC_PUTSPTILEMAP
CONT_PROCESO2			= 4E69, L: CPC_PUTSPTILEMAP
BIT_ANCHO			= 4E6D, L: CPC_PUTSPTILEMAP
LOP2				= 4E76, L: CPC_PUTSPTILEMAP
PASOS_ANCHO_X			= 4E77, L: CPC_PUTSPTILEMAP
CONT_PROCESO			= 4E77, L: CPC_PUTSPTILEMAP
BUCLE_PASOS_ANCHO		= 4E78, L: CPC_PUTSPTILEMAP
PASOS_ALTO_X			= 4E79, L: CPC_PUTSPTILEMAP
BUCLE_PASOS_ALTO		= 4E7B, L: CPC_PUTSPTILEMAP
CPC_UPDTILETABLE		= 4E8A, G: CPC_UPDTILETABLE
BUCLE_RECORRIDO_TILES_TOCADOS	= 4E8D, L: CPC_UPDTILETABLE
COMPROBAR_SEGUNDO_BYTE		= 4E9C, L: CPC_UPDTILETABLE
INCORPORAR_TILE			= 4EA4, L: CPC_UPDTILETABLE
CPC_PUTTILES			= 4EAB, G: CPC_PUTTILES
BUCLE_ALTO			= 4EC0, L: CPC_PUTTILES
BUCLE_ANCHO			= 4EC3, L: CPC_PUTTILES
TMP				= 4EDF, L: CPC_PUTTILES
CAPTURA				= 4EE0, G: CPC_PUTTILES
MULT				= 4EEA, L: CPC_PUTTILES
NOADD				= 4EEE, L: CPC_PUTTILES
CPC_RESETTOUCHEDTILES		= 4EFA, G: CPC_RESETTOUCHEDTILES
CPC_SETBORDER			= 4F00, G: CPC_SETBORDER
CPC_SETCOLOUR			= 4F05, G: CPC_SETCOLOUR
CPC_SETINK			= 4F18, G: CPC_SETINK
CPC_SETMODO			= 4F25, G: CPC_SETMODO
CPC_SETTILE			= 4F2A, G: CPC_SETTILE
MULT				= 4F3D, L: CPC_SETTILE
NOADD				= 4F41, L: CPC_SETTILE
CPC_SHOWTILEMAP			= 4F50, G: CPC_SHOWTILEMAP
CONT_NORMAL			= 4F63, L: CPC_SHOWTILEMAP
OTRO_ANCHO			= 4F73, L: CPC_SHOWTILEMAP
TRANSFERIR_PANTALLA_A_SUPERBUFFER	= 4F7A, L: CPC_SHOWTILEMAP
BUCLE_DIBUJADO_FONDO		= 4F81, L: CPC_SHOWTILEMAP
INCREMENTO2			= 4FAE, L: CPC_SHOWTILEMAP
CONTADOR_TILES			= 4FBB, L: CPC_SHOWTILEMAP
TRANSFERIR_MAP_SBUFFER		= 4FBC, L: CPC_SHOWTILEMAP
LOOP_ANCHO_MAP_SBUFFER		= 4FC2, L: CPC_SHOWTILEMAP
LOOP_ALTO_MAP_SBUFFER		= 4FC2, L: CPC_SHOWTILEMAP
CPC_PUTSP			= 4FD0, L: CPC_SHOWTILEMAP
LOOP_ALTO_2			= 4FD3, L: CPC_SHOWTILEMAP
LOOP_ANCHO_2			= 4FD6, L: CPC_SHOWTILEMAP
ANCHO_MOSTRABLE			= 4FDD, L: CPC_SHOWTILEMAP
SIG_LINEA_2			= 4FF0, L: CPC_SHOWTILEMAP
CPC_SHOWTOUCHEDTILES		= 4FF4, G: CPC_SHOWTOUCHEDTILES
BUCLE_CPC_SHOWTOUCHEDTILES	= 4FF8, L: CPC_SHOWTOUCHEDTILES
POSICIONAR_SUPERBUFFER		= 5006, L: CPC_SHOWTOUCHEDTILES
POSICIONAR_PANTALLA		= 5018, L: CPC_SHOWTOUCHEDTILES
TRANSF_BLOQUE_SB_PANTALLA	= 5027, L: CPC_SHOWTOUCHEDTILES
LOOP_ALTO_2			= 502A, L: CPC_SHOWTOUCHEDTILES
ANCHO0				= 502A, L: CPC_SHOWTOUCHEDTILES
LOOP_ANCHO_2			= 502B, L: CPC_SHOWTOUCHEDTILES
YEP				= 5043, L: CPC_SHOWTOUCHEDTILES
CPC_SPUPDX			= 5046, G: CPC_SPUPDX
NEGATIVE1			= 5060, L: CPC_SPUPDX
CPC_SPUPDY			= 5075, G: CPC_SPUPDY
BUCLE_SUMA_Y			= 50A3, L: CPC_SPUPDY
NEGATIVE			= 50AF, L: CPC_SPUPDY
BUCLE_RESTA_Y			= 50C2, L: CPC_SPUPDY
CPC_SUPERBUFFERADDRESS		= 50CF, G: CPC_SUPERBUFFERADDRESS
MULT				= 50DF, L: CPC_SUPERBUFFERADDRESS
NOADD				= 50E3, L: CPC_SUPERBUFFERADDRESS
CPC_TESTKEY			= 50F4, G: CPC_TESTKEY
PULSADO				= 510B, L: CPC_TESTKEY
KEYMAP0				= 510E, L: CPC_KEYSDATA
CPC_KEYSDATA			= 510E, G: CPC_KEYSDATA
TECLA_0				= 5118, L: CPC_KEYSDATA
TECLA_0_X			= 511A, L: CPC_KEYSDATA
TABLA_TECLAS0			= 511A, L: CPC_KEYSDATA
TECLA_1_X			= 511C, L: CPC_KEYSDATA
TECLA_2_X			= 511E, L: CPC_KEYSDATA
TECLA_3_X			= 5120, L: CPC_KEYSDATA
TECLA_00_X			= 5122, L: CPC_KEYSDATA
TECLA_01_X			= 5124, L: CPC_KEYSDATA
TECLA_02_X			= 5126, L: CPC_KEYSDATA
TECLA_03_X			= 5128, L: CPC_KEYSDATA
TECLA_04_X			= 512A, L: CPC_KEYSDATA
TECLA_05_X			= 512C, L: CPC_KEYSDATA
TECLA_06_X			= 512E, L: CPC_KEYSDATA
TECLA_07_X			= 5130, L: CPC_KEYSDATA
CPC_TESTKEYBOARD		= 5133, G: CPC_TESTKEYBOARD
CPC_UPDSCR			= 5157, G: CPC_UPDSCR
BUCLE_CPC_UPDSCR		= 515B, L: CPC_UPDSCR
POSICIONAR_SUPERBUFFER		= 5169, L: CPC_UPDSCR
POSICIONAR_TILE			= 517C, L: CPC_UPDSCR
MULT				= 5185, L: CPC_UPDSCR
NOADD				= 5189, L: CPC_UPDSCR
TRANSFERIR_MAP_SBUFFER		= 519F, L: CPC_UPDSCR
L_PINT				= 51E8, G: L_PINT
L_PINT_POP			= 51EE, G: L_PINT_POP
