AAA				= 4FF5, L: CPC_SCROLLRIGHT
AAA				= 4F5F, L: CPC_SCROLLLEFT
ANCHO0				= 5191, L: CPC_SHOWTOUCHEDTILES
ANCHO_2				= 4F15, L: CPC_PUTTRSPTILEMAP2B
ANCHO_MOSTRABLE			= 5144, L: CPC_SHOWTILEMAP
BASE_GRAPHICS			= 4024, G: CPC_CRT0
BIT_ALTO			= 4E84, L: CPC_PUTSPTILEMAP
BIT_ANCHO			= 4E9B, L: CPC_PUTSPTILEMAP
BUCLE_CPC_SHOWTOUCHEDTILES	= 515F, L: CPC_SHOWTOUCHEDTILES
BUCLE_CPC_UPDSCR		= 52C2, L: CPC_UPDSCR
BUCLE_DIBUJADO_FONDO		= 50E8, L: CPC_SHOWTILEMAP
BUCLE_PASOS_ALTO		= 4EA9, L: CPC_PUTSPTILEMAP
BUCLE_PASOS_ANCHO		= 4EA6, L: CPC_PUTSPTILEMAP
BUCLE_RECORRIDO_TILES_TOCADOS	= 4EBB, L: CPC_UPDTILETABLE
BUCLE_RESTAURACION_FONDO	= 4E84, L: CPC_PUTSPTILEMAP
BUCLE_RESTA_Y			= 5229, L: CPC_SPUPDY
BUCLE_SUMA_Y			= 520A, L: CPC_SPUPDY
CALCULA_ENTRADAPANTALLA		= 5040, L: CPC_SCROLLRIGHT
CALCULA_ENTRADAPANTALLA		= 4FA5, L: CPC_SCROLLLEFT
CLEANUP				= 400F, G: CPC_CRT0
COLUMNSCR			= 4075, G: TILEMAPCONF
COMPROBAR_SEGUNDO_BYTE		= 4ECA, L: CPC_UPDTILETABLE
CONTADOR			= 503E, L: CPC_SCROLLRIGHT
CONTADOR			= 4FA3, L: CPC_SCROLLLEFT
CONTADOR_TILES			= 5122, L: CPC_SHOWTILEMAP
CONT_NORMAL			= 50CA, L: CPC_SHOWTILEMAP
CONT_PROCESO			= 4EA5, L: CPC_PUTSPTILEMAP
CONT_PROCESO2			= 4E97, L: CPC_PUTSPTILEMAP
CPC_KEYSDATA			= 5275, G: CPC_KEYSDATA
CPC_PUTSP			= 5137, L: CPC_SHOWTILEMAP
CPC_PUTSPTILEMAP		= 4E47, G: CPC_PUTSPTILEMAP
CPC_PUTTILE2X8B			= 5055, L: CPC_SCROLLRIGHT
CPC_PUTTILE2X8B			= 4FBC, L: CPC_SCROLLLEFT
CPC_PUTTRSPTILEMAP2B		= 4ED9, G: CPC_PUTTRSPTILEMAP2B
CPC_RESETTOUCHEDTILES		= 4F4A, G: CPC_RESETTOUCHEDTILES
CPC_SCROLLLEFT			= 4F50, G: CPC_SCROLLLEFT
CPC_SCROLLLEFT0			= 4FDA, G: CPC_SCROLLLEFT0
CPC_SCROLLRIGHT			= 4FE6, G: CPC_SCROLLRIGHT
CPC_SCROLLRIGHT0		= 5073, G: CPC_SCROLLRIGHT0
CPC_SETINK			= 507F, G: CPC_SETINK
CPC_SETMODO			= 508C, G: CPC_SETMODO
CPC_SETTILE			= 5091, G: CPC_SETTILE
CPC_SHOWTILEMAP			= 50B7, G: CPC_SHOWTILEMAP
CPC_SHOWTOUCHEDTILES		= 515B, G: CPC_SHOWTOUCHEDTILES
CPC_SPUPDX			= 51AD, G: CPC_SPUPDX
CPC_SPUPDY			= 51DC, G: CPC_SPUPDY
CPC_SUPERBUFFERADDRESS		= 5236, G: CPC_SUPERBUFFERADDRESS
CPC_TESTKEY			= 525B, G: CPC_TESTKEY
CPC_TESTKEYBOARD		= 529A, G: CPC_TESTKEYBOARD
CPC_UPDSCR			= 52BE, G: CPC_UPDSCR
CPC_UPDTILETABLE		= 4EB8, G: CPC_UPDTILETABLE
EXITCOUNT			= 401F, G: CPC_CRT0
EXITSP				= 401D, G: CPC_CRT0
HEAPBLOCKS			= 4022, G: CPC_CRT0
HEAPLAST			= 4020, G: CPC_CRT0
INCORPORAR_TILE			= 4ED2, L: CPC_UPDTILETABLE
INCREMENTO2			= 5115, L: CPC_SHOWTILEMAP
I_10				= 48C0, L: CODE
I_11				= 49DA, L: CODE
I_12				= 4A82, L: CODE
I_13				= 49E3, L: CODE
I_14				= 4A91, L: CODE
I_15				= 4B39, L: CODE
I_16				= 4A9A, L: CODE
I_17				= 4B49, L: CODE
I_18				= 4BC6, L: CODE
I_19				= 4B52, L: CODE
I_20				= 4B6B, L: CODE
I_21				= 4BC3, L: CODE
I_22				= 4B74, L: CODE
I_23				= 4C9B, L: CODE
I_24				= 4E41, L: CODE
I_25				= 4D3B, L: CODE
I_26				= 4CBC, L: CODE
I_27_I_26			= 4CBF, L: CODE
I_28				= 4D24, L: CODE
I_29				= 4CD5, L: CODE
I_30_I_29			= 4CD8, L: CODE
I_31				= 4CE4, L: CODE
I_32				= 4D09, L: CODE
I_33				= 4CED, L: CODE
I_34				= 4D3B, L: CODE
I_35				= 4DD5, L: CODE
I_36				= 4D56, L: CODE
I_37_I_36			= 4D59, L: CODE
I_38				= 4DBE, L: CODE
I_39				= 4D6F, L: CODE
I_40_I_39			= 4D72, L: CODE
I_41				= 4D7E, L: CODE
I_42				= 4DA3, L: CODE
I_43				= 4D87, L: CODE
I_44				= 4DD5, L: CODE
I_45				= 4E01, L: CODE
I_46				= 4DF0, L: CODE
I_47_I_46			= 4DF3, L: CODE
I_48				= 4E2A, L: CODE
I_49				= 4E19, L: CODE
I_50_I_49			= 4E1C, L: CODE
I_8				= 48B7, L: CODE
I_9				= 48EC, L: CODE
KEYMAP0				= 5275, L: CPC_KEYSDATA
LOOP_ALTO_2			= 5191, L: CPC_SHOWTOUCHEDTILES
LOOP_ALTO_2			= 513A, L: CPC_SHOWTILEMAP
LOOP_ALTO_MAP_SBUFFER		= 5129, L: CPC_SHOWTILEMAP
LOOP_ALTO_MAP_SBUFFER		= 4F19, L: CPC_PUTTRSPTILEMAP2B
LOOP_ALTO_TILE_2X8		= 505A, L: CPC_SCROLLRIGHT
LOOP_ALTO_TILE_2X8		= 4FC1, L: CPC_SCROLLLEFT
LOOP_ANCHO_2			= 5192, L: CPC_SHOWTOUCHEDTILES
LOOP_ANCHO_2			= 513D, L: CPC_SHOWTILEMAP
LOOP_ANCHO_MAP_SBUFFER		= 5129, L: CPC_SHOWTILEMAP
LOOP_ANCHO_MAP_SBUFFER		= 4F1D, L: CPC_PUTTRSPTILEMAP2B
LOOP_ANCHO_TILE_2X8		= 505A, L: CPC_SCROLLRIGHT
LOOP_ANCHO_TILE_2X8		= 4FC1, L: CPC_SCROLLLEFT
LOP2				= 4EA4, L: CPC_PUTSPTILEMAP
L_AND				= 534F, G: L_AND
L_ASR_U				= 5356, G: L_ASR_U
L_ASR_U_1			= 5357, L: L_ASR_U
L_DCAL				= 4014, G: CPC_CRT0
L_GINT				= 5360, G: L_GINT
L_MULT				= 5365, G: L_MULT
L_MULT1				= 536C, L: L_MULT
L_MULT2				= 5373, L: L_MULT
L_PINT				= 537C, G: L_PINT
L_PINT_POP			= 5376, G: L_PINT_POP
L_UGT				= 5382, G: L_UGT
L_ULT				= 5388, G: L_ULT
MULT				= 52EC, L: CPC_UPDSCR
MULT				= 5246, L: CPC_SUPERBUFFERADDRESS
MULT				= 50A4, L: CPC_SETTILE
MULT				= 5047, L: CPC_SCROLLRIGHT
MULT				= 4FAD, L: CPC_SCROLLLEFT
MULT				= 4EEB, L: CPC_PUTTRSPTILEMAP2B
NEGATIVE			= 5216, L: CPC_SPUPDY
NEGATIVE1			= 51C7, L: CPC_SPUPDX
NOADD				= 52F0, L: CPC_UPDSCR
NOADD				= 524A, L: CPC_SUPERBUFFERADDRESS
NOADD				= 50A8, L: CPC_SETTILE
NOADD				= 504B, L: CPC_SCROLLRIGHT
NOADD				= 4FB1, L: CPC_SCROLLLEFT
NOADD				= 4EEF, L: CPC_PUTTRSPTILEMAP2B
NTILE				= 503F, L: CPC_SCROLLRIGHT
NTILE				= 4FA4, L: CPC_SCROLLLEFT
OTRO_ANCHO			= 50DA, L: CPC_SHOWTILEMAP
PANTALLA_ACTUAL			= 4195, L: TILEMAPCONF
PANTALLA_JUEGO			= 4197, G: TILEMAPCONF
PASOS_ALTO_X			= 4EA7, L: CPC_PUTSPTILEMAP
PASOS_ANCHO_X			= 4EA5, L: CPC_PUTSPTILEMAP
PON_BUFFER_DER_2		= 4F39, L: CPC_PUTTRSPTILEMAP2B
POSICIONAR_PANTALLA		= 517F, L: CPC_SHOWTOUCHEDTILES
POSICIONAR_SUPERBUFFER		= 52D0, L: CPC_UPDSCR
POSICIONAR_SUPERBUFFER		= 516D, L: CPC_SHOWTOUCHEDTILES
POSICIONAR_TILE			= 52E3, L: CPC_UPDSCR
POSICIONES_PANTALLA		= 4025, G: TILEMAPCONF
POSICIONES_SUPER_BUFFER		= 404D, G: TILEMAPCONF
PULSADO				= 5272, L: CPC_TESTKEY
SIG_LINEA_2			= 5157, L: CPC_SHOWTILEMAP
SIG_PIXN_DER_2			= 4F2B, L: CPC_PUTTRSPTILEMAP2B
SP_BUFFER_MASK			= 4F13, L: CPC_PUTTRSPTILEMAP2B
START				= 4000, L: CPC_CRT0
START1				= 400F, L: CPC_CRT0
SUMA_SIGUIENTE_LINEA0_TILE_2X8	= 5064, L: CPC_SCROLLRIGHT
SUMA_SIGUIENTE_LINEA0_TILE_2X8	= 4FCB, L: CPC_SCROLLLEFT
TABLA_TECLAS0			= 5281, L: CPC_KEYSDATA
TECLA_0				= 527F, L: CPC_KEYSDATA
TECLA_00_X			= 5289, L: CPC_KEYSDATA
TECLA_01_X			= 528B, L: CPC_KEYSDATA
TECLA_02_X			= 528D, L: CPC_KEYSDATA
TECLA_03_X			= 528F, L: CPC_KEYSDATA
TECLA_04_X			= 5291, L: CPC_KEYSDATA
TECLA_05_X			= 5293, L: CPC_KEYSDATA
TECLA_06_X			= 5295, L: CPC_KEYSDATA
TECLA_07_X			= 5297, L: CPC_KEYSDATA
TECLA_0_X			= 5281, L: CPC_KEYSDATA
TECLA_1_X			= 5283, L: CPC_KEYSDATA
TECLA_2_X			= 5285, L: CPC_KEYSDATA
TECLA_3_X			= 5287, L: CPC_KEYSDATA
TILEMAPCONF			= 4025, G: TILEMAPCONF
TILES				= 444A, G: TILEMAPCONF
TILES_TOCADOS			= 43B4, G: TILEMAPCONF
TOCATILE			= 501D, L: CPC_SCROLLRIGHT
TOCATILE			= 4F83, L: CPC_SCROLLLEFT
TRANSFERIR_MAP_SBUFFER		= 5306, L: CPC_UPDSCR
TRANSFERIR_MAP_SBUFFER		= 5123, L: CPC_SHOWTILEMAP
TRANSFERIR_PANTALLA_A_SUPERBUFFER	= 50E1, L: CPC_SHOWTILEMAP
TRANSF_BLOQUE_SB_PANTALLA	= 518E, L: CPC_SHOWTOUCHEDTILES
YEP				= 51AA, L: CPC_SHOWTOUCHEDTILES
_BLOQUES			= 44DA, G: CODE
_DRAWCOLUMN			= 4BC9, G: CODE
_DRAWCOLUMNI			= 4C08, G: CODE
_DRAW_BLOQUE			= 48EE, G: CODE
_DRAW_BLOQUEL			= 49CD, G: CODE
_DRAW_BLOQUER			= 4A84, G: CODE
_DRAW_TILEMAP			= 4B3B, G: CODE
_ESTABLECER_COLORES		= 48AA, G: CODE
_MAIN				= 4C43, G: CODE
_PALETA				= 44CA, G: CODE
_POINTER			= 48A8, G: CODE
_SPRITE1			= 4866, G: CODE
_STD_SEED			= 401B, G: CPC_CRT0
_TEST_MAP0			= 44E2, G: CODE
_TILESCPC200			= 444A, L: TILEMAPCONF
_TILESCPC200_DATA		= 444A, L: TILEMAPCONF
_TILESCPC201			= 445A, L: TILEMAPCONF
_TILESCPC201_DATA		= 445A, L: TILEMAPCONF
_TILESCPC202			= 446A, L: TILEMAPCONF
_TILESCPC202_DATA		= 446A, L: TILEMAPCONF
_TILESCPC203			= 447A, L: TILEMAPCONF
_TILESCPC203_DATA		= 447A, L: TILEMAPCONF
_VFPRINTF			= 401B, G: CPC_CRT0
__SGOIOBLK			= 4015, G: CPC_CRT0


START				= 4000, L: CPC_CRT0
START1				= 400F, L: CPC_CRT0
CLEANUP				= 400F, G: CPC_CRT0
L_DCAL				= 4014, G: CPC_CRT0
__SGOIOBLK			= 4015, G: CPC_CRT0
_VFPRINTF			= 401B, G: CPC_CRT0
_STD_SEED			= 401B, G: CPC_CRT0
EXITSP				= 401D, G: CPC_CRT0
EXITCOUNT			= 401F, G: CPC_CRT0
HEAPLAST			= 4020, G: CPC_CRT0
HEAPBLOCKS			= 4022, G: CPC_CRT0
BASE_GRAPHICS			= 4024, G: CPC_CRT0
TILEMAPCONF			= 4025, G: TILEMAPCONF
POSICIONES_PANTALLA		= 4025, G: TILEMAPCONF
POSICIONES_SUPER_BUFFER		= 404D, G: TILEMAPCONF
COLUMNSCR			= 4075, G: TILEMAPCONF
PANTALLA_ACTUAL			= 4195, L: TILEMAPCONF
PANTALLA_JUEGO			= 4197, G: TILEMAPCONF
TILES_TOCADOS			= 43B4, G: TILEMAPCONF
_TILESCPC200_DATA		= 444A, L: TILEMAPCONF
_TILESCPC200			= 444A, L: TILEMAPCONF
TILES				= 444A, G: TILEMAPCONF
_TILESCPC201_DATA		= 445A, L: TILEMAPCONF
_TILESCPC201			= 445A, L: TILEMAPCONF
_TILESCPC202_DATA		= 446A, L: TILEMAPCONF
_TILESCPC202			= 446A, L: TILEMAPCONF
_TILESCPC203_DATA		= 447A, L: TILEMAPCONF
_TILESCPC203			= 447A, L: TILEMAPCONF
_PALETA				= 44CA, G: CODE
_BLOQUES			= 44DA, G: CODE
_TEST_MAP0			= 44E2, G: CODE
_SPRITE1			= 4866, G: CODE
_POINTER			= 48A8, G: CODE
_ESTABLECER_COLORES		= 48AA, G: CODE
I_8				= 48B7, L: CODE
I_10				= 48C0, L: CODE
I_9				= 48EC, L: CODE
_DRAW_BLOQUE			= 48EE, G: CODE
_DRAW_BLOQUEL			= 49CD, G: CODE
I_11				= 49DA, L: CODE
I_13				= 49E3, L: CODE
I_12				= 4A82, L: CODE
_DRAW_BLOQUER			= 4A84, G: CODE
I_14				= 4A91, L: CODE
I_16				= 4A9A, L: CODE
I_15				= 4B39, L: CODE
_DRAW_TILEMAP			= 4B3B, G: CODE
I_17				= 4B49, L: CODE
I_19				= 4B52, L: CODE
I_20				= 4B6B, L: CODE
I_22				= 4B74, L: CODE
I_21				= 4BC3, L: CODE
I_18				= 4BC6, L: CODE
_DRAWCOLUMN			= 4BC9, G: CODE
_DRAWCOLUMNI			= 4C08, G: CODE
_MAIN				= 4C43, G: CODE
I_23				= 4C9B, L: CODE
I_26				= 4CBC, L: CODE
I_27_I_26			= 4CBF, L: CODE
I_29				= 4CD5, L: CODE
I_30_I_29			= 4CD8, L: CODE
I_31				= 4CE4, L: CODE
I_33				= 4CED, L: CODE
I_32				= 4D09, L: CODE
I_28				= 4D24, L: CODE
I_34				= 4D3B, L: CODE
I_25				= 4D3B, L: CODE
I_36				= 4D56, L: CODE
I_37_I_36			= 4D59, L: CODE
I_39				= 4D6F, L: CODE
I_40_I_39			= 4D72, L: CODE
I_41				= 4D7E, L: CODE
I_43				= 4D87, L: CODE
I_42				= 4DA3, L: CODE
I_38				= 4DBE, L: CODE
I_44				= 4DD5, L: CODE
I_35				= 4DD5, L: CODE
I_46				= 4DF0, L: CODE
I_47_I_46			= 4DF3, L: CODE
I_45				= 4E01, L: CODE
I_49				= 4E19, L: CODE
I_50_I_49			= 4E1C, L: CODE
I_48				= 4E2A, L: CODE
I_24				= 4E41, L: CODE
CPC_PUTSPTILEMAP		= 4E47, G: CPC_PUTSPTILEMAP
BUCLE_RESTAURACION_FONDO	= 4E84, L: CPC_PUTSPTILEMAP
BIT_ALTO			= 4E84, L: CPC_PUTSPTILEMAP
CONT_PROCESO2			= 4E97, L: CPC_PUTSPTILEMAP
BIT_ANCHO			= 4E9B, L: CPC_PUTSPTILEMAP
LOP2				= 4EA4, L: CPC_PUTSPTILEMAP
PASOS_ANCHO_X			= 4EA5, L: CPC_PUTSPTILEMAP
CONT_PROCESO			= 4EA5, L: CPC_PUTSPTILEMAP
BUCLE_PASOS_ANCHO		= 4EA6, L: CPC_PUTSPTILEMAP
PASOS_ALTO_X			= 4EA7, L: CPC_PUTSPTILEMAP
BUCLE_PASOS_ALTO		= 4EA9, L: CPC_PUTSPTILEMAP
CPC_UPDTILETABLE		= 4EB8, G: CPC_UPDTILETABLE
BUCLE_RECORRIDO_TILES_TOCADOS	= 4EBB, L: CPC_UPDTILETABLE
COMPROBAR_SEGUNDO_BYTE		= 4ECA, L: CPC_UPDTILETABLE
INCORPORAR_TILE			= 4ED2, L: CPC_UPDTILETABLE
CPC_PUTTRSPTILEMAP2B		= 4ED9, G: CPC_PUTTRSPTILEMAP2B
MULT				= 4EEB, L: CPC_PUTTRSPTILEMAP2B
NOADD				= 4EEF, L: CPC_PUTTRSPTILEMAP2B
SP_BUFFER_MASK			= 4F13, L: CPC_PUTTRSPTILEMAP2B
ANCHO_2				= 4F15, L: CPC_PUTTRSPTILEMAP2B
LOOP_ALTO_MAP_SBUFFER		= 4F19, L: CPC_PUTTRSPTILEMAP2B
LOOP_ANCHO_MAP_SBUFFER		= 4F1D, L: CPC_PUTTRSPTILEMAP2B
SIG_PIXN_DER_2			= 4F2B, L: CPC_PUTTRSPTILEMAP2B
PON_BUFFER_DER_2		= 4F39, L: CPC_PUTTRSPTILEMAP2B
CPC_RESETTOUCHEDTILES		= 4F4A, G: CPC_RESETTOUCHEDTILES
CPC_SCROLLLEFT			= 4F50, G: CPC_SCROLLLEFT
AAA				= 4F5F, L: CPC_SCROLLLEFT
TOCATILE			= 4F83, L: CPC_SCROLLLEFT
CONTADOR			= 4FA3, L: CPC_SCROLLLEFT
NTILE				= 4FA4, L: CPC_SCROLLLEFT
CALCULA_ENTRADAPANTALLA		= 4FA5, L: CPC_SCROLLLEFT
MULT				= 4FAD, L: CPC_SCROLLLEFT
NOADD				= 4FB1, L: CPC_SCROLLLEFT
CPC_PUTTILE2X8B			= 4FBC, L: CPC_SCROLLLEFT
LOOP_ALTO_TILE_2X8		= 4FC1, L: CPC_SCROLLLEFT
LOOP_ANCHO_TILE_2X8		= 4FC1, L: CPC_SCROLLLEFT
SUMA_SIGUIENTE_LINEA0_TILE_2X8	= 4FCB, L: CPC_SCROLLLEFT
CPC_SCROLLLEFT0			= 4FDA, G: CPC_SCROLLLEFT0
CPC_SCROLLRIGHT			= 4FE6, G: CPC_SCROLLRIGHT
AAA				= 4FF5, L: CPC_SCROLLRIGHT
TOCATILE			= 501D, L: CPC_SCROLLRIGHT
CONTADOR			= 503E, L: CPC_SCROLLRIGHT
NTILE				= 503F, L: CPC_SCROLLRIGHT
CALCULA_ENTRADAPANTALLA		= 5040, L: CPC_SCROLLRIGHT
MULT				= 5047, L: CPC_SCROLLRIGHT
NOADD				= 504B, L: CPC_SCROLLRIGHT
CPC_PUTTILE2X8B			= 5055, L: CPC_SCROLLRIGHT
LOOP_ANCHO_TILE_2X8		= 505A, L: CPC_SCROLLRIGHT
LOOP_ALTO_TILE_2X8		= 505A, L: CPC_SCROLLRIGHT
SUMA_SIGUIENTE_LINEA0_TILE_2X8	= 5064, L: CPC_SCROLLRIGHT
CPC_SCROLLRIGHT0		= 5073, G: CPC_SCROLLRIGHT0
CPC_SETINK			= 507F, G: CPC_SETINK
CPC_SETMODO			= 508C, G: CPC_SETMODO
CPC_SETTILE			= 5091, G: CPC_SETTILE
MULT				= 50A4, L: CPC_SETTILE
NOADD				= 50A8, L: CPC_SETTILE
CPC_SHOWTILEMAP			= 50B7, G: CPC_SHOWTILEMAP
CONT_NORMAL			= 50CA, L: CPC_SHOWTILEMAP
OTRO_ANCHO			= 50DA, L: CPC_SHOWTILEMAP
TRANSFERIR_PANTALLA_A_SUPERBUFFER	= 50E1, L: CPC_SHOWTILEMAP
BUCLE_DIBUJADO_FONDO		= 50E8, L: CPC_SHOWTILEMAP
INCREMENTO2			= 5115, L: CPC_SHOWTILEMAP
CONTADOR_TILES			= 5122, L: CPC_SHOWTILEMAP
TRANSFERIR_MAP_SBUFFER		= 5123, L: CPC_SHOWTILEMAP
LOOP_ANCHO_MAP_SBUFFER		= 5129, L: CPC_SHOWTILEMAP
LOOP_ALTO_MAP_SBUFFER		= 5129, L: CPC_SHOWTILEMAP
CPC_PUTSP			= 5137, L: CPC_SHOWTILEMAP
LOOP_ALTO_2			= 513A, L: CPC_SHOWTILEMAP
LOOP_ANCHO_2			= 513D, L: CPC_SHOWTILEMAP
ANCHO_MOSTRABLE			= 5144, L: CPC_SHOWTILEMAP
SIG_LINEA_2			= 5157, L: CPC_SHOWTILEMAP
CPC_SHOWTOUCHEDTILES		= 515B, G: CPC_SHOWTOUCHEDTILES
BUCLE_CPC_SHOWTOUCHEDTILES	= 515F, L: CPC_SHOWTOUCHEDTILES
POSICIONAR_SUPERBUFFER		= 516D, L: CPC_SHOWTOUCHEDTILES
POSICIONAR_PANTALLA		= 517F, L: CPC_SHOWTOUCHEDTILES
TRANSF_BLOQUE_SB_PANTALLA	= 518E, L: CPC_SHOWTOUCHEDTILES
LOOP_ALTO_2			= 5191, L: CPC_SHOWTOUCHEDTILES
ANCHO0				= 5191, L: CPC_SHOWTOUCHEDTILES
LOOP_ANCHO_2			= 5192, L: CPC_SHOWTOUCHEDTILES
YEP				= 51AA, L: CPC_SHOWTOUCHEDTILES
CPC_SPUPDX			= 51AD, G: CPC_SPUPDX
NEGATIVE1			= 51C7, L: CPC_SPUPDX
CPC_SPUPDY			= 51DC, G: CPC_SPUPDY
BUCLE_SUMA_Y			= 520A, L: CPC_SPUPDY
NEGATIVE			= 5216, L: CPC_SPUPDY
BUCLE_RESTA_Y			= 5229, L: CPC_SPUPDY
CPC_SUPERBUFFERADDRESS		= 5236, G: CPC_SUPERBUFFERADDRESS
MULT				= 5246, L: CPC_SUPERBUFFERADDRESS
NOADD				= 524A, L: CPC_SUPERBUFFERADDRESS
CPC_TESTKEY			= 525B, G: CPC_TESTKEY
PULSADO				= 5272, L: CPC_TESTKEY
KEYMAP0				= 5275, L: CPC_KEYSDATA
CPC_KEYSDATA			= 5275, G: CPC_KEYSDATA
TECLA_0				= 527F, L: CPC_KEYSDATA
TECLA_0_X			= 5281, L: CPC_KEYSDATA
TABLA_TECLAS0			= 5281, L: CPC_KEYSDATA
TECLA_1_X			= 5283, L: CPC_KEYSDATA
TECLA_2_X			= 5285, L: CPC_KEYSDATA
TECLA_3_X			= 5287, L: CPC_KEYSDATA
TECLA_00_X			= 5289, L: CPC_KEYSDATA
TECLA_01_X			= 528B, L: CPC_KEYSDATA
TECLA_02_X			= 528D, L: CPC_KEYSDATA
TECLA_03_X			= 528F, L: CPC_KEYSDATA
TECLA_04_X			= 5291, L: CPC_KEYSDATA
TECLA_05_X			= 5293, L: CPC_KEYSDATA
TECLA_06_X			= 5295, L: CPC_KEYSDATA
TECLA_07_X			= 5297, L: CPC_KEYSDATA
CPC_TESTKEYBOARD		= 529A, G: CPC_TESTKEYBOARD
CPC_UPDSCR			= 52BE, G: CPC_UPDSCR
BUCLE_CPC_UPDSCR		= 52C2, L: CPC_UPDSCR
POSICIONAR_SUPERBUFFER		= 52D0, L: CPC_UPDSCR
POSICIONAR_TILE			= 52E3, L: CPC_UPDSCR
MULT				= 52EC, L: CPC_UPDSCR
NOADD				= 52F0, L: CPC_UPDSCR
TRANSFERIR_MAP_SBUFFER		= 5306, L: CPC_UPDSCR
L_AND				= 534F, G: L_AND
L_ASR_U				= 5356, G: L_ASR_U
L_ASR_U_1			= 5357, L: L_ASR_U
L_GINT				= 5360, G: L_GINT
L_MULT				= 5365, G: L_MULT
L_MULT1				= 536C, L: L_MULT
L_MULT2				= 5373, L: L_MULT
L_PINT_POP			= 5376, G: L_PINT_POP
L_PINT				= 537C, G: L_PINT
L_UGT				= 5382, G: L_UGT
L_ULT				= 5388, G: L_ULT
