BACKUP				= 4461, G: CPC_DISABLEFIRMWARE
BASE_GRAPHICS			= 4024, G: CPC_CRT0
BUCLE_IMP_CADENA		= 4470, L: CPC_PRINTSTR
BUFFER_MUSICA			= 49E4, G: CPC_WYZPLAYER
CANAL_A				= 49E4, L: CPC_WYZPLAYER
CANAL_B				= 49E6, L: CPC_WYZPLAYER
CANAL_C				= 49E8, L: CPC_WYZPLAYER
CANAL_P				= 49F8, L: CPC_WYZPLAYER
CARGA_CANCION_WYZ0		= 45A5, L: CPC_WYZPLAYER
CLEANUP				= 400F, G: CPC_CRT0
COMANDOS			= 4889, L: CPC_WYZPLAYER
COM_EFECTO			= 48B3, L: CPC_WYZPLAYER
COM_ENVOLVENTE			= 48C4, L: CPC_WYZPLAYER
CONTADOR			= 4581, L: CPC_WYZPLAYER
CPC_ASSIGNKEY			= 4400, G: CPC_ASSIGNKEY
CPC_CLRSCR			= 4442, G: CPC_CLRSCR
CPC_DISABLEFIRMWARE		= 4450, G: CPC_DISABLEFIRMWARE
CPC_ENABLEFIRMWARE		= 4463, G: CPC_ENABLEFIRMWARE
CPC_KEYSDATA			= 441D, G: CPC_KEYSDATA
CPC_PRINTSTR			= 4470, G: CPC_PRINTSTR
CPC_SCANKEYBOARD		= 4485, G: CPC_SCANKEYBOARD
CPC_TESTKEYF			= 44B8, G: CPC_TESTKEYF
CPC_WYZINITPLAYER		= 44DB, G: CPC_WYZINITPLAYER
CPC_WYZLOADSONG			= 4AD8, G: CPC_WYZLOADSONG
CPC_WYZPLAYER			= 4506, G: CPC_WYZPLAYER
CPC_WYZSETBUFFER		= 4ADC, G: CPC_WYZSETBUFFER
CPC_WYZSETPLAYEROFF		= 4AE0, G: CPC_WYZSETPLAYEROFF
CPC_WYZSETPLAYEROFF1		= 452F, L: CPC_WYZPLAYER
CPC_WYZSETPLAYERON		= 4AE3, G: CPC_WYZSETPLAYERON
CPC_WYZSETPLAYERON1		= 4506, L: CPC_WYZPLAYER
CPC_WYZSTARTEFFECT		= 4AE6, G: CPC_WYZSTARTEFFECT
CPC_WYZTESTPLAYER		= 4AF1, G: CPC_WYZTESTPLAYER
DATOS_INT			= 4582, L: CPC_WYZPLAYER
DATOS_NOTAS			= 4A24, L: CPC_WYZPLAYER
DCBC0				= 4679, L: CPC_WYZPLAYER
DECODE_CANAL			= 461D, L: CPC_WYZPLAYER
DECODE_SONG			= 45B7, L: CPC_WYZPLAYER
DIR_TEMPO			= 4557, L: CPC_WYZPLAYER
EVOLVENTES			= 49A2, L: CPC_WYZPLAYER
EXITCOUNT			= 401F, G: CPC_CRT0
EXITSP				= 401D, G: CPC_CRT0
EXT_WORD			= 49CF, L: CPC_WYZPLAYER
FIN_DEC_CANAL			= 4667, L: CPC_WYZPLAYER
FIN_EFECTO_A			= 47DE, L: CPC_WYZPLAYER
FIN_EFECTO_B			= 4825, L: CPC_WYZPLAYER
FIN_EFECTO_C			= 486C, L: CPC_WYZPLAYER
FIN_NOPLAYER			= 472A, L: CPC_WYZPLAYER
FIN_RUTINA			= 4909, L: CPC_WYZPLAYER
FIN_SONIDO			= 4725, L: CPC_WYZPLAYER
GETLEN				= 466C, L: CPC_WYZPLAYER
HEAPBLOCKS			= 4022, G: CPC_CRT0
HEAPLAST			= 4020, G: CPC_CRT0
INICIA_EFECTO_A			= 47A7, L: CPC_WYZPLAYER
INICIA_EFECTO_B			= 47EE, L: CPC_WYZPLAYER
INICIA_EFECTO_C			= 4835, L: CPC_WYZPLAYER
INICIA_EFECTO_WYZ0		= 4594, L: CPC_WYZPLAYER
INICIA_SONIDO_WYZ		= 4585, L: CPC_WYZPLAYER
INICIO				= 454A, L: CPC_WYZPLAYER
INTERR				= 49DA, L: CPC_WYZPLAYER
I_1				= 43B6, L: CODE
I_3				= 40A7, L: CODE
I_4				= 4121, L: CODE
I_5				= 411E, L: CODE
I_6				= 40D8, L: CODE
I_7				= 40EF, L: CODE
I_8				= 4105, L: CODE
I_9				= 411E, L: CODE
KEYMAP0				= 441D, L: CPC_KEYSDATA
LEER_PSG_REG_Y_PASAR_A_PLAY	= 4737, L: CPC_WYZPLAYER
LEJP0				= 4922, L: CPC_WYZPLAYER
LNJP0				= 48D4, L: CPC_WYZPLAYER
LOCALIZA_EFECTO			= 490A, L: CPC_WYZPLAYER
LOCALIZA_NOTA			= 487C, L: CPC_WYZPLAYER
LOOP				= 44A7, L: CPC_SCANKEYBOARD
LOUT				= 473B, L: CPC_WYZPLAYER
LOUTM				= 476D, L: CPC_WYZPLAYER
LOUTS				= 478F, L: CPC_WYZPLAYER
L_AND				= 4AF9, G: L_AND
L_DCAL				= 4014, G: CPC_CRT0
L_LNEG				= 4B00, G: L_LNEG
NOTA				= 4989, L: CPC_WYZPLAYER
NO_ENVOLVENTE			= 4653, L: CPC_WYZPLAYER
NO_FIN_CANAL_A			= 48E8, L: CPC_WYZPLAYER
NO_FIN_CANAL_P			= 4935, L: CPC_WYZPLAYER
NO_INSTRUMENTO			= 4649, L: CPC_WYZPLAYER
NO_MODIFICA			= 4660, L: CPC_WYZPLAYER
NO_PUNTILLO			= 4637, L: CPC_WYZPLAYER
NO_RUIDO			= 471B, L: CPC_WYZPLAYER
NO_SILENCIO			= 462D, L: CPC_WYZPLAYER
NO_SILENCIO_A			= 48FA, L: CPC_WYZPLAYER
N_EFECTO			= 4A17, L: CPC_WYZPLAYER
N_SONIDO			= 4A14, L: CPC_WYZPLAYER
PARAR_SONIDOS			= 4AAE, L: CPC_WYZPLAYER
PAUTA				= 493C, L: CPC_WYZPLAYER
PAUTAS				= 46C2, L: CPC_WYZPLAYER
PCAJP0				= 4953, L: CPC_WYZPLAYER
PCAJP1				= 4969, L: CPC_WYZPLAYER
PCAJP2				= 497D, L: CPC_WYZPLAYER
PLAY				= 467F, L: CPC_WYZPLAYER
PSG_REG				= 49FA, L: CPC_WYZPLAYER
PSG_REG2			= 4A07, L: CPC_WYZPLAYER
PULSADO				= 44D8, L: CPC_TESTKEYF
PUNTERO_A			= 49DE, L: CPC_WYZPLAYER
PUNTERO_B			= 49E0, L: CPC_WYZPLAYER
PUNTERO_C			= 49E2, L: CPC_WYZPLAYER
PUNTERO_EFECTO_A		= 4A18, L: CPC_WYZPLAYER
PUNTERO_EFECTO_B		= 4A1A, L: CPC_WYZPLAYER
PUNTERO_EFECTO_C		= 4A1C, L: CPC_WYZPLAYER
PUNTERO_P			= 49F6, L: CPC_WYZPLAYER
PUNTERO_P_A			= 49EA, L: CPC_WYZPLAYER
PUNTERO_P_A0			= 49F0, L: CPC_WYZPLAYER
PUNTERO_P_B			= 49EC, L: CPC_WYZPLAYER
PUNTERO_P_B0			= 49F2, L: CPC_WYZPLAYER
PUNTERO_P_C			= 49EE, L: CPC_WYZPLAYER
PUNTERO_P_C0			= 49F4, L: CPC_WYZPLAYER
PUNTERO_SONIDO			= 4A15, L: CPC_WYZPLAYER
REPRODUCE_EFECTO_A		= 47B7, L: CPC_WYZPLAYER
REPRODUCE_EFECTO_B		= 47FE, L: CPC_WYZPLAYER
REPRODUCE_EFECTO_C		= 4845, L: CPC_WYZPLAYER
REPRODUCE_SONIDO		= 46ED, L: CPC_WYZPLAYER
ROUT				= 4737, L: CPC_WYZPLAYER
ROUTM				= 4767, L: CPC_WYZPLAYER
ROUTS				= 4785, L: CPC_WYZPLAYER
ROUT_A0				= 4738, L: CPC_WYZPLAYER
ROUT_A0M			= 4768, L: CPC_WYZPLAYER
ROUT_A0S			= 4786, L: CPC_WYZPLAYER
SALIR_BUCLE_IMP_CADENA		= 447B, L: CPC_PRINTSTR
SALTO_INT			= 457E, L: CPC_WYZPLAYER
SET_PAUTA			= 4606, L: CPC_WYZPLAYER
SI_RUIDO			= 471D, L: CPC_WYZPLAYER
SONG				= 49DB, L: CPC_WYZPLAYER
START				= 4000, L: CPC_CRT0
START1				= 400F, L: CPC_CRT0
TABLA_EFECTOS0			= 4A22, L: CPC_WYZPLAYER
TABLA_PAUTAS0			= 4A1E, L: CPC_WYZPLAYER
TABLA_SONG0			= 4AAC, L: CPC_WYZPLAYER
TABLA_SONIDOS0			= 4A20, L: CPC_WYZPLAYER
TABLA_TECLAS0			= 4429, L: CPC_KEYSDATA
TECLA_0				= 4427, L: CPC_KEYSDATA
TECLA_00_X			= 4431, L: CPC_KEYSDATA
TECLA_01_X			= 4433, L: CPC_KEYSDATA
TECLA_02_X			= 4435, L: CPC_KEYSDATA
TECLA_03_X			= 4437, L: CPC_KEYSDATA
TECLA_04_X			= 4439, L: CPC_KEYSDATA
TECLA_05_X			= 443B, L: CPC_KEYSDATA
TECLA_06_X			= 443D, L: CPC_KEYSDATA
TECLA_07_X			= 443F, L: CPC_KEYSDATA
TECLA_0_X			= 4429, L: CPC_KEYSDATA
TECLA_1_X			= 442B, L: CPC_KEYSDATA
TECLA_2_X			= 442D, L: CPC_KEYSDATA
TECLA_3_X			= 442F, L: CPC_KEYSDATA
TEMPO				= 49DC, L: CPC_WYZPLAYER
TERMINA_INT			= 457D, L: CPC_WYZPLAYER
TTEMPO				= 49DD, L: CPC_WYZPLAYER
WRITEPSGHL			= 4750, L: CPC_WYZPLAYER
_EFECTO0			= 433A, L: CODE
_EFECTO1			= 434B, L: CODE
_EFECTO2			= 4368, L: CODE
_EFECTO3			= 439F, L: CODE
_EFFECT_TABLE			= 4332, G: CODE
_MAIN				= 4025, G: CODE
_PAUTA_1			= 42B9, L: CODE
_PAUTA_2			= 42CF, L: CODE
_PAUTA_3			= 42E0, L: CODE
_PAUTA_4			= 42F5, L: CODE
_RULE_TABLE			= 42B1, G: CODE
_SONG_0				= 412D, L: CODE
_SONG_TABLE			= 412B, G: CODE
_SONIDO1			= 4309, L: CODE
_SONIDO2			= 4310, L: CODE
_SONIDO3			= 431A, L: CODE
_SONIDO4			= 4321, L: CODE
_SONIDO5			= 432E, L: CODE
_SOUND_TABLE			= 42FF, G: CODE
_STD_SEED			= 401B, G: CPC_CRT0
_VFPRINTF			= 401B, G: CPC_CRT0
__SGOIOBLK			= 4015, G: CPC_CRT0


START				= 4000, L: CPC_CRT0
START1				= 400F, L: CPC_CRT0
CLEANUP				= 400F, G: CPC_CRT0
L_DCAL				= 4014, G: CPC_CRT0
__SGOIOBLK			= 4015, G: CPC_CRT0
_VFPRINTF			= 401B, G: CPC_CRT0
_STD_SEED			= 401B, G: CPC_CRT0
EXITSP				= 401D, G: CPC_CRT0
EXITCOUNT			= 401F, G: CPC_CRT0
HEAPLAST			= 4020, G: CPC_CRT0
HEAPBLOCKS			= 4022, G: CPC_CRT0
BASE_GRAPHICS			= 4024, G: CPC_CRT0
_MAIN				= 4025, G: CODE
I_3				= 40A7, L: CODE
I_6				= 40D8, L: CODE
I_7				= 40EF, L: CODE
I_8				= 4105, L: CODE
I_9				= 411E, L: CODE
I_5				= 411E, L: CODE
I_4				= 4121, L: CODE
_SONG_TABLE			= 412B, G: CODE
_SONG_0				= 412D, L: CODE
_RULE_TABLE			= 42B1, G: CODE
_PAUTA_1			= 42B9, L: CODE
_PAUTA_2			= 42CF, L: CODE
_PAUTA_3			= 42E0, L: CODE
_PAUTA_4			= 42F5, L: CODE
_SOUND_TABLE			= 42FF, G: CODE
_SONIDO1			= 4309, L: CODE
_SONIDO2			= 4310, L: CODE
_SONIDO3			= 431A, L: CODE
_SONIDO4			= 4321, L: CODE
_SONIDO5			= 432E, L: CODE
_EFFECT_TABLE			= 4332, G: CODE
_EFECTO0			= 433A, L: CODE
_EFECTO1			= 434B, L: CODE
_EFECTO2			= 4368, L: CODE
_EFECTO3			= 439F, L: CODE
I_1				= 43B6, L: CODE
CPC_ASSIGNKEY			= 4400, G: CPC_ASSIGNKEY
KEYMAP0				= 441D, L: CPC_KEYSDATA
CPC_KEYSDATA			= 441D, G: CPC_KEYSDATA
TECLA_0				= 4427, L: CPC_KEYSDATA
TECLA_0_X			= 4429, L: CPC_KEYSDATA
TABLA_TECLAS0			= 4429, L: CPC_KEYSDATA
TECLA_1_X			= 442B, L: CPC_KEYSDATA
TECLA_2_X			= 442D, L: CPC_KEYSDATA
TECLA_3_X			= 442F, L: CPC_KEYSDATA
TECLA_00_X			= 4431, L: CPC_KEYSDATA
TECLA_01_X			= 4433, L: CPC_KEYSDATA
TECLA_02_X			= 4435, L: CPC_KEYSDATA
TECLA_03_X			= 4437, L: CPC_KEYSDATA
TECLA_04_X			= 4439, L: CPC_KEYSDATA
TECLA_05_X			= 443B, L: CPC_KEYSDATA
TECLA_06_X			= 443D, L: CPC_KEYSDATA
TECLA_07_X			= 443F, L: CPC_KEYSDATA
CPC_CLRSCR			= 4442, G: CPC_CLRSCR
CPC_DISABLEFIRMWARE		= 4450, G: CPC_DISABLEFIRMWARE
BACKUP				= 4461, G: CPC_DISABLEFIRMWARE
CPC_ENABLEFIRMWARE		= 4463, G: CPC_ENABLEFIRMWARE
CPC_PRINTSTR			= 4470, G: CPC_PRINTSTR
BUCLE_IMP_CADENA		= 4470, L: CPC_PRINTSTR
SALIR_BUCLE_IMP_CADENA		= 447B, L: CPC_PRINTSTR
CPC_SCANKEYBOARD		= 4485, G: CPC_SCANKEYBOARD
LOOP				= 44A7, L: CPC_SCANKEYBOARD
CPC_TESTKEYF			= 44B8, G: CPC_TESTKEYF
PULSADO				= 44D8, L: CPC_TESTKEYF
CPC_WYZINITPLAYER		= 44DB, G: CPC_WYZINITPLAYER
CPC_WYZSETPLAYERON1		= 4506, L: CPC_WYZPLAYER
CPC_WYZPLAYER			= 4506, G: CPC_WYZPLAYER
CPC_WYZSETPLAYEROFF1		= 452F, L: CPC_WYZPLAYER
INICIO				= 454A, L: CPC_WYZPLAYER
DIR_TEMPO			= 4557, L: CPC_WYZPLAYER
TERMINA_INT			= 457D, L: CPC_WYZPLAYER
SALTO_INT			= 457E, L: CPC_WYZPLAYER
CONTADOR			= 4581, L: CPC_WYZPLAYER
DATOS_INT			= 4582, L: CPC_WYZPLAYER
INICIA_SONIDO_WYZ		= 4585, L: CPC_WYZPLAYER
INICIA_EFECTO_WYZ0		= 4594, L: CPC_WYZPLAYER
CARGA_CANCION_WYZ0		= 45A5, L: CPC_WYZPLAYER
DECODE_SONG			= 45B7, L: CPC_WYZPLAYER
SET_PAUTA			= 4606, L: CPC_WYZPLAYER
DECODE_CANAL			= 461D, L: CPC_WYZPLAYER
NO_SILENCIO			= 462D, L: CPC_WYZPLAYER
NO_PUNTILLO			= 4637, L: CPC_WYZPLAYER
NO_INSTRUMENTO			= 4649, L: CPC_WYZPLAYER
NO_ENVOLVENTE			= 4653, L: CPC_WYZPLAYER
NO_MODIFICA			= 4660, L: CPC_WYZPLAYER
FIN_DEC_CANAL			= 4667, L: CPC_WYZPLAYER
GETLEN				= 466C, L: CPC_WYZPLAYER
DCBC0				= 4679, L: CPC_WYZPLAYER
PLAY				= 467F, L: CPC_WYZPLAYER
PAUTAS				= 46C2, L: CPC_WYZPLAYER
REPRODUCE_SONIDO		= 46ED, L: CPC_WYZPLAYER
NO_RUIDO			= 471B, L: CPC_WYZPLAYER
SI_RUIDO			= 471D, L: CPC_WYZPLAYER
FIN_SONIDO			= 4725, L: CPC_WYZPLAYER
FIN_NOPLAYER			= 472A, L: CPC_WYZPLAYER
ROUT				= 4737, L: CPC_WYZPLAYER
LEER_PSG_REG_Y_PASAR_A_PLAY	= 4737, L: CPC_WYZPLAYER
ROUT_A0				= 4738, L: CPC_WYZPLAYER
LOUT				= 473B, L: CPC_WYZPLAYER
WRITEPSGHL			= 4750, L: CPC_WYZPLAYER
ROUTM				= 4767, L: CPC_WYZPLAYER
ROUT_A0M			= 4768, L: CPC_WYZPLAYER
LOUTM				= 476D, L: CPC_WYZPLAYER
ROUTS				= 4785, L: CPC_WYZPLAYER
ROUT_A0S			= 4786, L: CPC_WYZPLAYER
LOUTS				= 478F, L: CPC_WYZPLAYER
INICIA_EFECTO_A			= 47A7, L: CPC_WYZPLAYER
REPRODUCE_EFECTO_A		= 47B7, L: CPC_WYZPLAYER
FIN_EFECTO_A			= 47DE, L: CPC_WYZPLAYER
INICIA_EFECTO_B			= 47EE, L: CPC_WYZPLAYER
REPRODUCE_EFECTO_B		= 47FE, L: CPC_WYZPLAYER
FIN_EFECTO_B			= 4825, L: CPC_WYZPLAYER
INICIA_EFECTO_C			= 4835, L: CPC_WYZPLAYER
REPRODUCE_EFECTO_C		= 4845, L: CPC_WYZPLAYER
FIN_EFECTO_C			= 486C, L: CPC_WYZPLAYER
LOCALIZA_NOTA			= 487C, L: CPC_WYZPLAYER
COMANDOS			= 4889, L: CPC_WYZPLAYER
COM_EFECTO			= 48B3, L: CPC_WYZPLAYER
COM_ENVOLVENTE			= 48C4, L: CPC_WYZPLAYER
LNJP0				= 48D4, L: CPC_WYZPLAYER
NO_FIN_CANAL_A			= 48E8, L: CPC_WYZPLAYER
NO_SILENCIO_A			= 48FA, L: CPC_WYZPLAYER
FIN_RUTINA			= 4909, L: CPC_WYZPLAYER
LOCALIZA_EFECTO			= 490A, L: CPC_WYZPLAYER
LEJP0				= 4922, L: CPC_WYZPLAYER
NO_FIN_CANAL_P			= 4935, L: CPC_WYZPLAYER
PAUTA				= 493C, L: CPC_WYZPLAYER
PCAJP0				= 4953, L: CPC_WYZPLAYER
PCAJP1				= 4969, L: CPC_WYZPLAYER
PCAJP2				= 497D, L: CPC_WYZPLAYER
NOTA				= 4989, L: CPC_WYZPLAYER
EVOLVENTES			= 49A2, L: CPC_WYZPLAYER
EXT_WORD			= 49CF, L: CPC_WYZPLAYER
INTERR				= 49DA, L: CPC_WYZPLAYER
SONG				= 49DB, L: CPC_WYZPLAYER
TEMPO				= 49DC, L: CPC_WYZPLAYER
TTEMPO				= 49DD, L: CPC_WYZPLAYER
PUNTERO_A			= 49DE, L: CPC_WYZPLAYER
PUNTERO_B			= 49E0, L: CPC_WYZPLAYER
PUNTERO_C			= 49E2, L: CPC_WYZPLAYER
CANAL_A				= 49E4, L: CPC_WYZPLAYER
BUFFER_MUSICA			= 49E4, G: CPC_WYZPLAYER
CANAL_B				= 49E6, L: CPC_WYZPLAYER
CANAL_C				= 49E8, L: CPC_WYZPLAYER
PUNTERO_P_A			= 49EA, L: CPC_WYZPLAYER
PUNTERO_P_B			= 49EC, L: CPC_WYZPLAYER
PUNTERO_P_C			= 49EE, L: CPC_WYZPLAYER
PUNTERO_P_A0			= 49F0, L: CPC_WYZPLAYER
PUNTERO_P_B0			= 49F2, L: CPC_WYZPLAYER
PUNTERO_P_C0			= 49F4, L: CPC_WYZPLAYER
PUNTERO_P			= 49F6, L: CPC_WYZPLAYER
CANAL_P				= 49F8, L: CPC_WYZPLAYER
PSG_REG				= 49FA, L: CPC_WYZPLAYER
PSG_REG2			= 4A07, L: CPC_WYZPLAYER
N_SONIDO			= 4A14, L: CPC_WYZPLAYER
PUNTERO_SONIDO			= 4A15, L: CPC_WYZPLAYER
N_EFECTO			= 4A17, L: CPC_WYZPLAYER
PUNTERO_EFECTO_A		= 4A18, L: CPC_WYZPLAYER
PUNTERO_EFECTO_B		= 4A1A, L: CPC_WYZPLAYER
PUNTERO_EFECTO_C		= 4A1C, L: CPC_WYZPLAYER
TABLA_PAUTAS0			= 4A1E, L: CPC_WYZPLAYER
TABLA_SONIDOS0			= 4A20, L: CPC_WYZPLAYER
TABLA_EFECTOS0			= 4A22, L: CPC_WYZPLAYER
DATOS_NOTAS			= 4A24, L: CPC_WYZPLAYER
TABLA_SONG0			= 4AAC, L: CPC_WYZPLAYER
PARAR_SONIDOS			= 4AAE, L: CPC_WYZPLAYER
CPC_WYZLOADSONG			= 4AD8, G: CPC_WYZLOADSONG
CPC_WYZSETBUFFER		= 4ADC, G: CPC_WYZSETBUFFER
CPC_WYZSETPLAYEROFF		= 4AE0, G: CPC_WYZSETPLAYEROFF
CPC_WYZSETPLAYERON		= 4AE3, G: CPC_WYZSETPLAYERON
CPC_WYZSTARTEFFECT		= 4AE6, G: CPC_WYZSTARTEFFECT
CPC_WYZTESTPLAYER		= 4AF1, G: CPC_WYZTESTPLAYER
L_AND				= 4AF9, G: L_AND
L_LNEG				= 4B00, G: L_LNEG
